Archive member included to satisfy reference by file (symbol)

.\CortexM3\ARM_GCC_541\Debug\ReactionGame.a(ErikaOS_1_ee_activate.o)
                              .\CortexM3\ARM_GCC_541\Debug\main.o (EE_oo_ActivateTask)
.\CortexM3\ARM_GCC_541\Debug\ReactionGame.a(ErikaOS_1_ee_alsetrel.o)
                              .\CortexM3\ARM_GCC_541\Debug\main.o (EE_oo_SetRelAlarm)
.\CortexM3\ARM_GCC_541\Debug\ReactionGame.a(ErikaOS_1_ee_altick.o)
                              .\CortexM3\ARM_GCC_541\Debug\ReactionGame.a(ErikaOS_1_ee_alsetrel.o) (EE_oo_counter_object_insert)
.\CortexM3\ARM_GCC_541\Debug\ReactionGame.a(ErikaOS_1_ee_evclear.o)
                              .\CortexM3\ARM_GCC_541\Debug\game.o (EE_oo_ClearEvent)
.\CortexM3\ARM_GCC_541\Debug\ReactionGame.a(ErikaOS_1_ee_evget.o)
                              .\CortexM3\ARM_GCC_541\Debug\game.o (EE_oo_GetEvent)
.\CortexM3\ARM_GCC_541\Debug\ReactionGame.a(ErikaOS_1_ee_evset.o)
                              .\CortexM3\ARM_GCC_541\Debug\game.o (EE_oo_SetEvent)
.\CortexM3\ARM_GCC_541\Debug\ReactionGame.a(ErikaOS_1_ee_evwait.o)
                              .\CortexM3\ARM_GCC_541\Debug\game.o (EE_oo_WaitEvent)
.\CortexM3\ARM_GCC_541\Debug\ReactionGame.a(ErikaOS_1_ee_irqendin.o)
                              .\CortexM3\ARM_GCC_541\Debug\game.o (EE_IRQ_end_post_stub)
.\CortexM3\ARM_GCC_541\Debug\ReactionGame.a(ErikaOS_1_ee_lookup.o)
                              .\CortexM3\ARM_GCC_541\Debug\ReactionGame.a(ErikaOS_1_ee_irqendin.o) (EE_oo_IRQ_disable_count)
.\CortexM3\ARM_GCC_541\Debug\ReactionGame.a(ErikaOS_1_ee_rq_exchg.o)
                              .\CortexM3\ARM_GCC_541\Debug\ReactionGame.a(ErikaOS_1_ee_activate.o) (EE_rq2stk_exchange)
.\CortexM3\ARM_GCC_541\Debug\ReactionGame.a(ErikaOS_1_ee_rq_first.o)
                              .\CortexM3\ARM_GCC_541\Debug\ReactionGame.a(ErikaOS_1_ee_activate.o) (EE_rq_queryfirst)
.\CortexM3\ARM_GCC_541\Debug\ReactionGame.a(ErikaOS_1_ee_rq_inser.o)
                              .\CortexM3\ARM_GCC_541\Debug\ReactionGame.a(ErikaOS_1_ee_activate.o) (EE_rq_insert)
.\CortexM3\ARM_GCC_541\Debug\ReactionGame.a(ErikaOS_1_ee_startos.o)
                              .\CortexM3\ARM_GCC_541\Debug\main.o (EE_oo_StartOS)
.\CortexM3\ARM_GCC_541\Debug\ReactionGame.a(ErikaOS_1_ee_terminat.o)
                              .\CortexM3\ARM_GCC_541\Debug\Arcadian.o (EE_oo_TerminateTask)
.\CortexM3\ARM_GCC_541\Debug\ReactionGame.a(ErikaOS_1_cortex_mx_ee_utils.o)
                              .\CortexM3\ARM_GCC_541\Debug\main.o (EE_system_init)
.\CortexM3\ARM_GCC_541\Debug\ReactionGame.a(ErikaOS_1_common_ee_hal_structs.o)
                              .\CortexM3\ARM_GCC_541\Debug\ReactionGame.a(ErikaOS_1_ee_irqendin.o) (EE_std_endcycle_next_tid)
.\CortexM3\ARM_GCC_541\Debug\ReactionGame.a(ErikaOS_1_eecfg.o)
                              .\CortexM3\ARM_GCC_541\Debug\ReactionGame.a(ErikaOS_1_ee_startos.o) (EE_oo_autostart_task_data)
.\CortexM3\ARM_GCC_541\Debug\ReactionGame.a(Pin_Button_1.o)
                              .\CortexM3\ARM_GCC_541\Debug\game.o (Pin_Button_1_Read)
.\CortexM3\ARM_GCC_541\Debug\ReactionGame.a(Pin_Button_2.o)
                              .\CortexM3\ARM_GCC_541\Debug\game.o (Pin_Button_2_Read)
.\CortexM3\ARM_GCC_541\Debug\ReactionGame.a(CyLib.o)
                              .\CortexM3\ARM_GCC_541\Debug\Cm3Start.o (CyHalt)
.\CortexM3\ARM_GCC_541\Debug\ReactionGame.a(cyPm.o)
                              .\CortexM3\ARM_GCC_541\Debug\ReactionGame.a(CyLib.o) (CyPmReadStatus)
.\CortexM3\ARM_GCC_541\Debug\ReactionGame.a(SevenSeg_Reg.o)
                              .\CortexM3\ARM_GCC_541\Debug\seven.o (SevenSeg_Reg_Write)
.\CortexM3\ARM_GCC_541\Debug\ReactionGame.a(Pin_Sel_A.o)
                              .\CortexM3\ARM_GCC_541\Debug\seven.o (Pin_Sel_A_Write)
.\CortexM3\ARM_GCC_541\Debug\ReactionGame.a(UART_LOG.o)
                              .\CortexM3\ARM_GCC_541\Debug\main.o (UART_LOG_Start)
.\CortexM3\ARM_GCC_541\Debug\ReactionGame.a(UART_LOG_INT.o)
                              .\CortexM3\ARM_GCC_541\Debug\ReactionGame.a(UART_LOG.o) (UART_LOG_TXISR)
.\CortexM3\ARM_GCC_541\Debug\ReactionGame.a(UART_LOG_IntClock.o)
                              .\CortexM3\ARM_GCC_541\Debug\ReactionGame.a(UART_LOG.o) (UART_LOG_IntClock_Start)
.\CortexM3\ARM_GCC_541\Debug\ReactionGame.a(Pin_Button_3.o)
                              .\CortexM3\ARM_GCC_541\Debug\game.o (Pin_Button_3_Read)
.\CortexM3\ARM_GCC_541\Debug\ReactionGame.a(Pin_Button_4.o)
                              .\CortexM3\ARM_GCC_541\Debug\game.o (Pin_Button_4_Read)
.\CortexM3\ARM_GCC_541\Debug\ReactionGame.a(RGB_PWM_red.o)
                              .\CortexM3\ARM_GCC_541\Debug\RGB_Led.o (RGB_PWM_red_WriteCompare)
.\CortexM3\ARM_GCC_541\Debug\ReactionGame.a(RGB_PWM_green.o)
                              .\CortexM3\ARM_GCC_541\Debug\RGB_Led.o (RGB_PWM_green_WriteCompare)
.\CortexM3\ARM_GCC_541\Debug\ReactionGame.a(RGB_PWM_blue.o)
[...]
Memory Configuration

Name             Origin             Length             Attributes
rom              0x00000000         0x00040000         xr
ram              0x1fff8000         0x00010000         xrw
*default*        0x00000000         0xffffffff

Linker script and memory map

LOAD c:/program files (x86)/cypress/psoc creator/4.4/psoc creator/import/gnu/arm/5.4.1/bin/../lib/gcc/arm-none-eabi/5.4.1/armv7-m/crti.o
LOAD c:/program files (x86)/cypress/psoc creator/4.4/psoc creator/import/gnu/arm/5.4.1/bin/../lib/gcc/arm-none-eabi/5.4.1/armv7-m/crtbegin.o
LOAD c:/program files (x86)/cypress/psoc creator/4.4/psoc creator/import/gnu/arm/5.4.1/bin/../lib/gcc/arm-none-eabi/5.4.1/../../../../arm-none-eabi/lib/armv7-m/crt0.o
START GROUP
LOAD .\CortexM3\ARM_GCC_541\Debug\Arcadian.o
LOAD .\CortexM3\ARM_GCC_541\Debug\game.o
LOAD .\CortexM3\ARM_GCC_541\Debug\main.o
LOAD .\CortexM3\ARM_GCC_541\Debug\RGB_Led.o
LOAD .\CortexM3\ARM_GCC_541\Debug\seven.o
LOAD .\CortexM3\ARM_GCC_541\Debug\cyfitter_cfg.o
LOAD .\CortexM3\ARM_GCC_541\Debug\cymetadata.o
LOAD .\CortexM3\ARM_GCC_541\Debug\Cm3Start.o
LOAD .\CortexM3\ARM_GCC_541\Debug\ReactionGame.a
LOAD C:\Program Files (x86)\Cypress\PSoC Creator\4.4\PSoC Creator\psoc\content\cycomponentlibrary\CyComponentLibrary.cylib\CortexM3\ARM_GCC_541\Debug\CyComponentLibrary.a
END GROUP
START GROUP
LOAD c:/program files (x86)/cypress/psoc creator/4.4/psoc creator/import/gnu/arm/5.4.1/bin/../lib/gcc/arm-none-eabi/5.4.1/armv7-m\libgcc.a
LOAD c:/program files (x86)/cypress/psoc creator/4.4/psoc creator/import/gnu/arm/5.4.1/bin/../lib/gcc/arm-none-eabi/5.4.1/../../../../arm-none-eabi/lib/armv7-m\libg_nano.a
LOAD c:/program files (x86)/cypress/psoc creator/4.4/psoc creator/import/gnu/arm/5.4.1/bin/../lib/gcc/arm-none-eabi/5.4.1/../../../../arm-none-eabi/lib/armv7-m\libc_nano.a
END GROUP
START GROUP
LOAD c:/program files (x86)/cypress/psoc creator/4.4/psoc creator/import/gnu/arm/5.4.1/bin/../lib/gcc/arm-none-eabi/5.4.1/armv7-m\libgcc.a
LOAD c:/program files (x86)/cypress/psoc creator/4.4/psoc creator/import/gnu/arm/5.4.1/bin/../lib/gcc/arm-none-eabi/5.4.1/../../../../arm-none-eabi/lib/armv7-m\libc_nano.a
END GROUP
LOAD c:/program files (x86)/cypress/psoc creator/4.4/psoc creator/import/gnu/arm/5.4.1/bin/../lib/gcc/arm-none-eabi/5.4.1/armv7-m/crtend.o
LOAD c:/program files (x86)/cypress/psoc creator/4.4/psoc creator/import/gnu/arm/5.4.1/bin/../lib/gcc/arm-none-eabi/5.4.1/armv7-m/crtn.o
START GROUP
LOAD c:/program files (x86)/cypress/psoc creator/4.4/psoc creator/import/gnu/arm/5.4.1/bin/../lib/gcc/arm-none-eabi/5.4.1/armv7-m\libgcc.a
LOAD c:/program files (x86)/cypress/psoc creator/4.4/psoc creator/import/gnu/arm/5.4.1/bin/../lib/gcc/arm-none-eabi/5.4.1/../../../../arm-none-eabi/lib/armv7-m\libc.a
LOAD c:/program files (x86)/cypress/psoc creator/4.4/psoc creator/import/gnu/arm/5.4.1/bin/../lib/gcc/arm-none-eabi/5.4.1/../../../../arm-none-eabi/lib/armv7-m\libnosys.a
END GROUP
                0x00000000                CY_APPL_ORIGIN = 0x0
                0x00000100                CY_FLASH_ROW_SIZE = 0x100
                0x00000020                CY_ECC_ROW_SIZE = 0x20
                0x00000000                CY_EE_IN_BTLDR = 0x0
                0x00000000                CY_APPL_LOADABLE = 0x0
                0x00000800                CY_EE_SIZE = 0x800
                0x00000001                CY_APPL_NUM = 0x1
                0x00000001                CY_APPL_MAX = 0x1
                0x00000040                CY_METADATA_SIZE = 0x40
                0x00000000                CY_APPL_LOADABLE = 0x0
                0x00000000                CY_CHECKSUM_EXCLUDE_SIZE = ALIGN (0x0, CY_FLASH_ROW_SIZE)
                [!provide]                PROVIDE (__cy_heap_start, _end)
                0x00000001                PROVIDE (__cy_region_num, ((__cy_regions_end - __cy_regions) / 0x10))
                0x20008000                PROVIDE (__cy_stack, (ORIGIN (ram) + LENGTH (ram)))
                [!provide]                PROVIDE (__cy_heap_end, (__cy_stack - 0x800))

.cybootloader   0x00000000        0x0
 *(.cybootloader)
                0x00000000                appl1_start = CY_APPL_ORIGIN?CY_APPL_ORIGIN:ALIGN (CY_FLASH_ROW_SIZE)
                0x0001ff00                appl2_start = (appl1_start + ALIGN ((((LENGTH (rom) - appl1_start) - (0x2 * CY_FLASH_ROW_SIZE)) / 0x2), CY_FLASH_ROW_SIZE))
                0x00000000                appl_start = (CY_APPL_NUM == 0x1)?appl1_start:appl2_start
                0x00000000                ecc_offset = ((appl_start / CY_FLASH_ROW_SIZE) * CY_ECC_ROW_SIZE)
                0x00000000                ee_offset = (CY_APPL_LOADABLE && ! (CY_EE_IN_BTLDR))?((CY_EE_SIZE / CY_APPL_MAX) * (CY_APPL_NUM - 0x1)):0x0
                0x00000800                ee_size = (CY_APPL_LOADABLE && ! (CY_EE_IN_BTLDR))?(CY_EE_SIZE / CY_APPL_MAX):CY_EE_SIZE
                [!provide]                PROVIDE (CY_ECC_OFFSET, ecc_offset)

.text           0x00000000     0x5244
 CREATE_OBJECT_SYMBOLS
                0x00000000                PROVIDE (__cy_interrupt_vector, RomVectors)
 *(.romvectors)
 .romvectors    0x00000000       0x10 .\CortexM3\ARM_GCC_541\Debug\Cm3Start.o
                0x00000000                RomVectors
                0x00000001                ASSERT ((. != __cy_interrupt_vector), No interrupt vector)
                0x00000001                ASSERT (CY_APPL_ORIGIN?(SIZEOF (.cybootloader) <= CY_APPL_ORIGIN):0x1, Wrong image location)
                0x00000010                PROVIDE (__cy_reset, Reset)
 *(.text.Reset)
 .text.Reset    0x00000010       0x18 .\CortexM3\ARM_GCC_541\Debug\Cm3Start.o
                0x00000010                Reset
                0x00000001                ASSERT ((. != __cy_reset), No reset code)
 *(.dma_init)
                0x00000001                ASSERT ((((appl_start + .) <= 0x10000) || 0x1), DMA Init must be within the first 64k of flash)
 *(.text .text.* .gnu.linkonce.t.*)
 .text          0x00000028       0x5c c:/program files (x86)/cypress/psoc creator/4.4/psoc creator/import/gnu/arm/5.4.1/bin/../lib/gcc/arm-none-eabi/5.4.1/armv7-m/crtbegin.o
 .text.Functsk_arcadian
                0x00000084      0x130 .\CortexM3\ARM_GCC_541\Debug\Arcadian.o
                0x00000084                Functsk_arcadian
 .text.ticker   0x000001b4       0x10 .\CortexM3\ARM_GCC_541\Debug\game.o
                0x000001b4                ticker
 .text.game_logic
                0x000001c4      0x218 .\CortexM3\ARM_GCC_541\Debug\game.o
                0x000001c4                game_logic
 .text.Functsk_game
                0x000003dc       0x88 .\CortexM3\ARM_GCC_541\Debug\game.o
                0x000003dc                Functsk_game
 .text.ISR2_isr_button_press
                0x00000464       0x24 .\CortexM3\ARM_GCC_541\Debug\game.o
                0x00000464                ISR2_isr_button_press
 .text.isr_button_press
                0x00000488       0x98 .\CortexM3\ARM_GCC_541\Debug\game.o
                0x00000488                isr_button_press
 .text.ISR2_isr_start_game
                0x00000520       0x4c .\CortexM3\ARM_GCC_541\Debug\game.o
                0x00000520                ISR2_isr_start_game
 .text.isr_start_game
                0x0000056c       0x98 .\CortexM3\ARM_GCC_541\Debug\game.o
                0x0000056c                isr_start_game
 .text.ISR1_isr_3secs
                0x00000604       0x1c .\CortexM3\ARM_GCC_541\Debug\game.o
                0x00000604                ISR1_isr_3secs
 .text.isr_3secs
                0x00000620       0x18 .\CortexM3\ARM_GCC_541\Debug\game.o
                0x00000620                isr_3secs
 .text.ISR2_systick_handler
                0x00000638        0xc .\CortexM3\ARM_GCC_541\Debug\main.o
                0x00000638                ISR2_systick_handler
 .text.systick_handler
                0x00000644       0x98 .\CortexM3\ARM_GCC_541\Debug\main.o
                0x00000644                systick_handler
 .text.main     0x000006dc       0x28 .\CortexM3\ARM_GCC_541\Debug\main.o
                0x000006dc                main
 .text.Functsk_init
                0x00000704       0x6c .\CortexM3\ARM_GCC_541\Debug\main.o
                0x00000704                Functsk_init
 .text.Functsk_background
                0x00000770        0x4 .\CortexM3\ARM_GCC_541\Debug\main.o
                0x00000770                Functsk_background
 .text.LED_Set  0x00000774       0x48 .\CortexM3\ARM_GCC_541\Debug\RGB_Led.o
                0x00000774                LED_Set
 .text.LED_init
                0x000007bc       0x1c .\CortexM3\ARM_GCC_541\Debug\RGB_Led.o
                0x000007bc                LED_init
 .text.LED_RGB_Set
                0x000007d8       0x28 .\CortexM3\ARM_GCC_541\Debug\RGB_Led.o
                0x000007d8                LED_RGB_Set
 .text.Seven_Write
                0x00000800       0x30 .\CortexM3\ARM_GCC_541\Debug\seven.o
                0x00000800                Seven_Write
 .text.Seven_Write_Hex
                0x00000830       0x1c .\CortexM3\ARM_GCC_541\Debug\seven.o
                0x00000830                Seven_Write_Hex
 .text.Seven_Clear
                0x0000084c       0x18 .\CortexM3\ARM_GCC_541\Debug\seven.o
                0x0000084c                Seven_Clear
 .text.Seven_init
                0x00000864       0x14 .\CortexM3\ARM_GCC_541\Debug\seven.o
                0x00000864                Seven_init
 .text.CyClockStartupError
                0x00000878        0x4 .\CortexM3\ARM_GCC_541\Debug\cyfitter_cfg.o
 .text.cfg_write_bytes32
                0x0000087c       0x34 .\CortexM3\ARM_GCC_541\Debug\cyfitter_cfg.o
 .text.AnalogSetDefault
                0x000008b0       0x28 .\CortexM3\ARM_GCC_541\Debug\cyfitter_cfg.o
 .text.CYMEMZERO
                0x000008d8        0xc .\CortexM3\ARM_GCC_541\Debug\cyfitter_cfg.o
 .text.ClockSetup
                0x000008e4       0xd4 .\CortexM3\ARM_GCC_541\Debug\cyfitter_cfg.o
 .text.CYCONFIGCPY
                0x000009b8        0x8 .\CortexM3\ARM_GCC_541\Debug\cyfitter_cfg.o
 .text.cyfitter_cfg
                0x000009c0      0x128 .\CortexM3\ARM_GCC_541\Debug\cyfitter_cfg.o
                0x000009c0                cyfitter_cfg
 .text.IntDefaultHandler
                0x00000ae8       0x10 .\CortexM3\ARM_GCC_541\Debug\Cm3Start.o
                0x00000ae8                IntDefaultHandler
 .text._sbrk    0x00000af8       0x30 .\CortexM3\ARM_GCC_541\Debug\Cm3Start.o
                0x00000af8                _sbrk
 .text.Start_c  0x00000b28       0x4c .\CortexM3\ARM_GCC_541\Debug\Cm3Start.o
                0x00000b28                Start_c
 .text.initialize_psoc
                0x00000b74       0x68 .\CortexM3\ARM_GCC_541\Debug\Cm3Start.o
                0x00000b74                initialize_psoc
 .text.EE_oo_ActivateTask
                0x00000bdc       0xe8 .\CortexM3\ARM_GCC_541\Debug\ReactionGame.a(ErikaOS_1_ee_activate.o)
                0x00000bdc                EE_oo_ActivateTask
 .text.EE_oo_SetRelAlarm
                0x00000cc4       0x80 .\CortexM3\ARM_GCC_541\Debug\ReactionGame.a(ErikaOS_1_ee_alsetrel.o)
                0x00000cc4                EE_oo_SetRelAlarm
 .text.EE_oo_handle_action_callback
                0x00000d44        0xc .\CortexM3\ARM_GCC_541\Debug\ReactionGame.a(ErikaOS_1_ee_altick.o)
 .text.EE_oo_handle_action_task
                0x00000d50       0x4c .\CortexM3\ARM_GCC_541\Debug\ReactionGame.a(ErikaOS_1_ee_altick.o)
 .text.EE_oo_handle_action_event
                0x00000d9c       0x60 .\CortexM3\ARM_GCC_541\Debug\ReactionGame.a(ErikaOS_1_ee_altick.o)
 .text.EE_oo_handle_action
                0x00000dfc       0x28 .\CortexM3\ARM_GCC_541\Debug\ReactionGame.a(ErikaOS_1_ee_altick.o)
 .text.EE_oo_counter_object_insert
                0x00000e24       0x9c .\CortexM3\ARM_GCC_541\Debug\ReactionGame.a(ErikaOS_1_ee_altick.o)
                0x00000e24                EE_oo_counter_object_insert
 .text.EE_oo_IncrementCounterImplementation
                0x00000ec0      0x100 .\CortexM3\ARM_GCC_541\Debug\ReactionGame.a(ErikaOS_1_ee_altick.o)
                0x00000ec0                EE_oo_IncrementCounterImplementation
 .text.EE_oo_IncrementCounter
                0x00000fc0       0xb0 .\CortexM3\ARM_GCC_541\Debug\ReactionGame.a(ErikaOS_1_ee_altick.o)
                0x00000fc0                EE_oo_IncrementCounter
 .text.EE_oo_ClearEvent
                0x00001070       0x5c .\CortexM3\ARM_GCC_541\Debug\ReactionGame.a(ErikaOS_1_ee_evclear.o)
                0x00001070                EE_oo_ClearEvent
 .text.EE_oo_GetEvent
                0x000010cc       0x40 .\CortexM3\ARM_GCC_541\Debug\ReactionGame.a(ErikaOS_1_ee_evget.o)
                0x000010cc                EE_oo_GetEvent
 .text.EE_oo_SetEvent
                0x0000110c      0x100 .\CortexM3\ARM_GCC_541\Debug\ReactionGame.a(ErikaOS_1_ee_evset.o)
                0x0000110c                EE_oo_SetEvent
 .text.EE_oo_WaitEvent
                0x0000120c      0x110 .\CortexM3\ARM_GCC_541\Debug\ReactionGame.a(ErikaOS_1_ee_evwait.o)
                0x0000120c                EE_oo_WaitEvent
 .text.EE_IRQ_run_next_task
                0x0000131c       0x30 .\CortexM3\ARM_GCC_541\Debug\ReactionGame.a(ErikaOS_1_ee_irqendin.o)
 .text.EE_IRQ_end_instance
                0x0000134c       0x68 .\CortexM3\ARM_GCC_541\Debug\ReactionGame.a(ErikaOS_1_ee_irqendin.o)
                0x0000134c                EE_IRQ_end_instance
 .text.EE_IRQ_end_post_stub
                0x000013b4       0x14 .\CortexM3\ARM_GCC_541\Debug\ReactionGame.a(ErikaOS_1_ee_irqendin.o)
                0x000013b4                EE_IRQ_end_post_stub
 .text.EE_rq2stk_exchange
                0x000013c8       0x88 .\CortexM3\ARM_GCC_541\Debug\ReactionGame.a(ErikaOS_1_ee_rq_exchg.o)
                0x000013c8                EE_rq2stk_exchange
 .text.EE_rq_queryfirst
                0x00001450       0x44 .\CortexM3\ARM_GCC_541\Debug\ReactionGame.a(ErikaOS_1_ee_rq_first.o)
                0x00001450                EE_rq_queryfirst
 .text.EE_rq_insert
                0x00001494       0x74 .\CortexM3\ARM_GCC_541\Debug\ReactionGame.a(ErikaOS_1_ee_rq_inser.o)
                0x00001494                EE_rq_insert
 .text.compute_task_tid
                0x00001508       0x10 .\CortexM3\ARM_GCC_541\Debug\ReactionGame.a(ErikaOS_1_ee_startos.o)
 .text.EE_oo_start_os
                0x00001518        0xc .\CortexM3\ARM_GCC_541\Debug\ReactionGame.a(ErikaOS_1_ee_startos.o)
 .text.EE_oo_autostart_tasks
                0x00001524       0x60 .\CortexM3\ARM_GCC_541\Debug\ReactionGame.a(ErikaOS_1_ee_startos.o)
 .text.EE_oo_autostart_os
                0x00001584        0xc .\CortexM3\ARM_GCC_541\Debug\ReactionGame.a(ErikaOS_1_ee_startos.o)
 .text.EE_oo_StartOS
                0x00001590       0x8c .\CortexM3\ARM_GCC_541\Debug\ReactionGame.a(ErikaOS_1_ee_startos.o)
                0x00001590                EE_oo_StartOS
 .text.EE_oo_TerminateTask
                0x0000161c       0x3c .\CortexM3\ARM_GCC_541\Debug\ReactionGame.a(ErikaOS_1_ee_terminat.o)
                0x0000161c                EE_oo_TerminateTask
 .text.EE_system_init
                0x00001658       0x78 .\CortexM3\ARM_GCC_541\Debug\ReactionGame.a(ErikaOS_1_cortex_mx_ee_utils.o)
                0x00001658                EE_system_init
 .text.Pin_Button_1_Read
                0x000016d0       0x10 .\CortexM3\ARM_GCC_541\Debug\ReactionGame.a(Pin_Button_1.o)
                0x000016d0                Pin_Button_1_Read
 .text.Pin_Button_2_Read
                0x000016e0       0x10 .\CortexM3\ARM_GCC_541\Debug\ReactionGame.a(Pin_Button_2.o)
                0x000016e0                Pin_Button_2_Read
 .text.CyHalt   0x000016f0        0x4 .\CortexM3\ARM_GCC_541\Debug\ReactionGame.a(CyLib.o)
                0x000016f0                CyHalt
 .text.CyIntSetVector
                0x000016f4       0x28 .\CortexM3\ARM_GCC_541\Debug\ReactionGame.a(CyLib.o)
                0x000016f4                CyIntSetVector
 .text.CyIntSetPriority
                0x0000171c       0x30 .\CortexM3\ARM_GCC_541\Debug\ReactionGame.a(CyLib.o)
                0x0000171c                CyIntSetPriority
 .text.SevenSeg_Reg_Write
                0x0000174c        0xc .\CortexM3\ARM_GCC_541\Debug\ReactionGame.a(SevenSeg_Reg.o)
                0x0000174c                SevenSeg_Reg_Write
 .text.Pin_Sel_A_Write
                0x00001758       0x18 .\CortexM3\ARM_GCC_541\Debug\ReactionGame.a(Pin_Sel_A.o)
                0x00001758                Pin_Sel_A_Write
 .text.UART_LOG_Init
                0x00001770       0x40 .\CortexM3\ARM_GCC_541\Debug\ReactionGame.a(UART_LOG.o)
                0x00001770                UART_LOG_Init
 .text.UART_LOG_Enable
                0x000017b0       0x48 .\CortexM3\ARM_GCC_541\Debug\ReactionGame.a(UART_LOG.o)
                0x000017b0                UART_LOG_Enable
 .text.UART_LOG_Start
                0x000017f8       0x1c .\CortexM3\ARM_GCC_541\Debug\ReactionGame.a(UART_LOG.o)
                0x000017f8                UART_LOG_Start
 .text.UART_LOG_PutChar
                0x00001814       0x70 .\CortexM3\ARM_GCC_541\Debug\ReactionGame.a(UART_LOG.o)
                0x00001814                UART_LOG_PutChar
 .text.UART_LOG_PutString
                0x00001884       0x24 .\CortexM3\ARM_GCC_541\Debug\ReactionGame.a(UART_LOG.o)
                0x00001884                UART_LOG_PutString
 .text.UART_LOG_TXISR
                0x000018a8       0x58 .\CortexM3\ARM_GCC_541\Debug\ReactionGame.a(UART_LOG_INT.o)
                0x000018a8                UART_LOG_TXISR
 .text.UART_LOG_IntClock_Start
                0x00001900       0x1c .\CortexM3\ARM_GCC_541\Debug\ReactionGame.a(UART_LOG_IntClock.o)
                0x00001900                UART_LOG_IntClock_Start
 .text.Pin_Button_3_Read
                0x0000191c       0x10 .\CortexM3\ARM_GCC_541\Debug\ReactionGame.a(Pin_Button_3.o)
                0x0000191c                Pin_Button_3_Read
 .text.Pin_Button_4_Read
                0x0000192c       0x10 .\CortexM3\ARM_GCC_541\Debug\ReactionGame.a(Pin_Button_4.o)
                0x0000192c                Pin_Button_4_Read
 .text.RGB_PWM_red_Enable
                0x0000193c       0x10 .\CortexM3\ARM_GCC_541\Debug\ReactionGame.a(RGB_PWM_red.o)
                0x0000193c                RGB_PWM_red_Enable
 .text.RGB_PWM_red_WriteCounter
                0x0000194c        0xc .\CortexM3\ARM_GCC_541\Debug\ReactionGame.a(RGB_PWM_red.o)
                0x0000194c                RGB_PWM_red_WriteCounter
 .text.RGB_PWM_red_WritePeriod
                0x00001958        0xc .\CortexM3\ARM_GCC_541\Debug\ReactionGame.a(RGB_PWM_red.o)
                0x00001958                RGB_PWM_red_WritePeriod
 .text.RGB_PWM_red_WriteCompare
                0x00001964        0xc .\CortexM3\ARM_GCC_541\Debug\ReactionGame.a(RGB_PWM_red.o)
                0x00001964                RGB_PWM_red_WriteCompare
 .text.RGB_PWM_red_SetInterruptMode
                0x00001970        0xc .\CortexM3\ARM_GCC_541\Debug\ReactionGame.a(RGB_PWM_red.o)
                0x00001970                RGB_PWM_red_SetInterruptMode
 .text.RGB_PWM_red_ReadStatusRegister
                0x0000197c        0xc .\CortexM3\ARM_GCC_541\Debug\ReactionGame.a(RGB_PWM_red.o)
                0x0000197c                RGB_PWM_red_ReadStatusRegister
 .text.RGB_PWM_red_ReadCapture
                0x00001988        0xc .\CortexM3\ARM_GCC_541\Debug\ReactionGame.a(RGB_PWM_red.o)
                0x00001988                RGB_PWM_red_ReadCapture
 .text.RGB_PWM_red_ClearFIFO
                0x00001994       0x14 .\CortexM3\ARM_GCC_541\Debug\ReactionGame.a(RGB_PWM_red.o)
                0x00001994                RGB_PWM_red_ClearFIFO
 .text.RGB_PWM_red_Init
                0x000019a8       0x50 .\CortexM3\ARM_GCC_541\Debug\ReactionGame.a(RGB_PWM_red.o)
                0x000019a8                RGB_PWM_red_Init
 .text.RGB_PWM_red_Start
                0x000019f8       0x1c .\CortexM3\ARM_GCC_541\Debug\ReactionGame.a(RGB_PWM_red.o)
                0x000019f8                RGB_PWM_red_Start
 .text.RGB_PWM_green_Enable
                0x00001a14       0x10 .\CortexM3\ARM_GCC_541\Debug\ReactionGame.a(RGB_PWM_green.o)
                0x00001a14                RGB_PWM_green_Enable
 .text.RGB_PWM_green_WriteCounter
                0x00001a24        0xc .\CortexM3\ARM_GCC_541\Debug\ReactionGame.a(RGB_PWM_green.o)
                0x00001a24                RGB_PWM_green_WriteCounter
 .text.RGB_PWM_green_WritePeriod
                0x00001a30        0xc .\CortexM3\ARM_GCC_541\Debug\ReactionGame.a(RGB_PWM_green.o)
                0x00001a30                RGB_PWM_green_WritePeriod
 .text.RGB_PWM_green_WriteCompare
                0x00001a3c        0xc .\CortexM3\ARM_GCC_541\Debug\ReactionGame.a(RGB_PWM_green.o)
                0x00001a3c                RGB_PWM_green_WriteCompare
 .text.RGB_PWM_green_SetInterruptMode
                0x00001a48        0xc .\CortexM3\ARM_GCC_541\Debug\ReactionGame.a(RGB_PWM_green.o)
                0x00001a48                RGB_PWM_green_SetInterruptMode
 .text.RGB_PWM_green_ReadStatusRegister
                0x00001a54        0xc .\CortexM3\ARM_GCC_541\Debug\ReactionGame.a(RGB_PWM_green.o)
                0x00001a54                RGB_PWM_green_ReadStatusRegister
 .text.RGB_PWM_green_ReadCapture
                0x00001a60        0xc .\CortexM3\ARM_GCC_541\Debug\ReactionGame.a(RGB_PWM_green.o)
                0x00001a60                RGB_PWM_green_ReadCapture
 .text.RGB_PWM_green_ClearFIFO
                0x00001a6c       0x14 .\CortexM3\ARM_GCC_541\Debug\ReactionGame.a(RGB_PWM_green.o)
                0x00001a6c                RGB_PWM_green_ClearFIFO
 .text.RGB_PWM_green_Init
                0x00001a80       0x50 .\CortexM3\ARM_GCC_541\Debug\ReactionGame.a(RGB_PWM_green.o)
                0x00001a80                RGB_PWM_green_Init
 .text.RGB_PWM_green_Start
                0x00001ad0       0x1c .\CortexM3\ARM_GCC_541\Debug\ReactionGame.a(RGB_PWM_green.o)
                0x00001ad0                RGB_PWM_green_Start
 .text.RGB_PWM_blue_Enable
                0x00001aec       0x10 .\CortexM3\ARM_GCC_541\Debug\ReactionGame.a(RGB_PWM_blue.o)
                0x00001aec                RGB_PWM_blue_Enable
 .text.RGB_PWM_blue_WriteCounter
                0x00001afc        0xc .\CortexM3\ARM_GCC_541\Debug\ReactionGame.a(RGB_PWM_blue.o)
                0x00001afc                RGB_PWM_blue_WriteCounter
 .text.RGB_PWM_blue_WritePeriod
                0x00001b08        0xc .\CortexM3\ARM_GCC_541\Debug\ReactionGame.a(RGB_PWM_blue.o)
                0x00001b08                RGB_PWM_blue_WritePeriod
 .text.RGB_PWM_blue_WriteCompare
                0x00001b14        0xc .\CortexM3\ARM_GCC_541\Debug\ReactionGame.a(RGB_PWM_blue.o)
                0x00001b14                RGB_PWM_blue_WriteCompare
 .text.RGB_PWM_blue_SetInterruptMode
                0x00001b20        0xc .\CortexM3\ARM_GCC_541\Debug\ReactionGame.a(RGB_PWM_blue.o)
                0x00001b20                RGB_PWM_blue_SetInterruptMode
 .text.RGB_PWM_blue_ReadStatusRegister
                0x00001b2c        0xc .\CortexM3\ARM_GCC_541\Debug\ReactionGame.a(RGB_PWM_blue.o)
                0x00001b2c                RGB_PWM_blue_ReadStatusRegister
 .text.RGB_PWM_blue_ReadCapture
                0x00001b38        0xc .\CortexM3\ARM_GCC_541\Debug\ReactionGame.a(RGB_PWM_blue.o)
                0x00001b38                RGB_PWM_blue_ReadCapture
 .text.RGB_PWM_blue_ClearFIFO
                0x00001b44       0x14 .\CortexM3\ARM_GCC_541\Debug\ReactionGame.a(RGB_PWM_blue.o)
                0x00001b44                RGB_PWM_blue_ClearFIFO
 .text.RGB_PWM_blue_Init
                0x00001b58       0x50 .\CortexM3\ARM_GCC_541\Debug\ReactionGame.a(RGB_PWM_blue.o)
                0x00001b58                RGB_PWM_blue_Init
 .text.RGB_PWM_blue_Start
                0x00001ba8       0x1c .\CortexM3\ARM_GCC_541\Debug\ReactionGame.a(RGB_PWM_blue.o)
                0x00001ba8                RGB_PWM_blue_Start
 .text.Yellow_Led_Write
                0x00001bc4       0x18 .\CortexM3\ARM_GCC_541\Debug\ReactionGame.a(Yellow_Led.o)
                0x00001bc4                Yellow_Led_Write
 .text.Green_Led_Write
                0x00001bdc       0x18 .\CortexM3\ARM_GCC_541\Debug\ReactionGame.a(Green_Led.o)
                0x00001bdc                Green_Led_Write
 .text.Red_Led_Write
                0x00001bf4       0x18 .\CortexM3\ARM_GCC_541\Debug\ReactionGame.a(Red_Led.o)
                0x00001bf4                Red_Led_Write
 .text.PWM_Red_Enable
                0x00001c0c       0x10 .\CortexM3\ARM_GCC_541\Debug\ReactionGame.a(PWM_Red.o)
                0x00001c0c                PWM_Red_Enable
 .text.PWM_Red_WriteCounter
                0x00001c1c        0xc .\CortexM3\ARM_GCC_541\Debug\ReactionGame.a(PWM_Red.o)
                0x00001c1c                PWM_Red_WriteCounter
 .text.PWM_Red_WritePeriod
                0x00001c28        0xc .\CortexM3\ARM_GCC_541\Debug\ReactionGame.a(PWM_Red.o)
                0x00001c28                PWM_Red_WritePeriod
 .text.PWM_Red_WriteCompare
                0x00001c34        0xc .\CortexM3\ARM_GCC_541\Debug\ReactionGame.a(PWM_Red.o)
                0x00001c34                PWM_Red_WriteCompare
 .text.PWM_Red_Init
                0x00001c40       0x34 .\CortexM3\ARM_GCC_541\Debug\ReactionGame.a(PWM_Red.o)
                0x00001c40                PWM_Red_Init
 .text.PWM_Red_Start
                0x00001c74       0x1c .\CortexM3\ARM_GCC_541\Debug\ReactionGame.a(PWM_Red.o)
                0x00001c74                PWM_Red_Start
 .text.PWM_Red_ReadCompare
                0x00001c90        0xc .\CortexM3\ARM_GCC_541\Debug\ReactionGame.a(PWM_Red.o)
                0x00001c90                PWM_Red_ReadCompare
 .text.PWM_Red_ReadPeriod
                0x00001c9c        0xc .\CortexM3\ARM_GCC_541\Debug\ReactionGame.a(PWM_Red.o)
                0x00001c9c                PWM_Red_ReadPeriod
 .text.PWM_Green_Enable
                0x00001ca8       0x10 .\CortexM3\ARM_GCC_541\Debug\ReactionGame.a(PWM_Green.o)
                0x00001ca8                PWM_Green_Enable
 .text.PWM_Green_WriteCounter
                0x00001cb8        0xc .\CortexM3\ARM_GCC_541\Debug\ReactionGame.a(PWM_Green.o)
                0x00001cb8                PWM_Green_WriteCounter
 .text.PWM_Green_WritePeriod
                0x00001cc4        0xc .\CortexM3\ARM_GCC_541\Debug\ReactionGame.a(PWM_Green.o)
                0x00001cc4                PWM_Green_WritePeriod
 .text.PWM_Green_WriteCompare
                0x00001cd0        0xc .\CortexM3\ARM_GCC_541\Debug\ReactionGame.a(PWM_Green.o)
                0x00001cd0                PWM_Green_WriteCompare
 .text.PWM_Green_Init
                0x00001cdc       0x34 .\CortexM3\ARM_GCC_541\Debug\ReactionGame.a(PWM_Green.o)
                0x00001cdc                PWM_Green_Init
 .text.PWM_Green_Start
                0x00001d10       0x1c .\CortexM3\ARM_GCC_541\Debug\ReactionGame.a(PWM_Green.o)
                0x00001d10                PWM_Green_Start
 .text.PWM_Green_ReadCompare
                0x00001d2c        0xc .\CortexM3\ARM_GCC_541\Debug\ReactionGame.a(PWM_Green.o)
                0x00001d2c                PWM_Green_ReadCompare
 .text.PWM_Green_ReadPeriod
                0x00001d38        0xc .\CortexM3\ARM_GCC_541\Debug\ReactionGame.a(PWM_Green.o)
                0x00001d38                PWM_Green_ReadPeriod
 .text.PWM_Yellow_Enable
                0x00001d44       0x10 .\CortexM3\ARM_GCC_541\Debug\ReactionGame.a(PWM_Yellow.o)
                0x00001d44                PWM_Yellow_Enable
 .text.PWM_Yellow_WriteCounter
                0x00001d54        0xc .\CortexM3\ARM_GCC_541\Debug\ReactionGame.a(PWM_Yellow.o)
                0x00001d54                PWM_Yellow_WriteCounter
 .text.PWM_Yellow_WritePeriod
                0x00001d60        0xc .\CortexM3\ARM_GCC_541\Debug\ReactionGame.a(PWM_Yellow.o)
                0x00001d60                PWM_Yellow_WritePeriod
 .text.PWM_Yellow_WriteCompare
                0x00001d6c        0xc .\CortexM3\ARM_GCC_541\Debug\ReactionGame.a(PWM_Yellow.o)
                0x00001d6c                PWM_Yellow_WriteCompare
 .text.PWM_Yellow_Init
                0x00001d78       0x34 .\CortexM3\ARM_GCC_541\Debug\ReactionGame.a(PWM_Yellow.o)
                0x00001d78                PWM_Yellow_Init
 .text.PWM_Yellow_Start
                0x00001dac       0x1c .\CortexM3\ARM_GCC_541\Debug\ReactionGame.a(PWM_Yellow.o)
                0x00001dac                PWM_Yellow_Start
 .text.PWM_Yellow_ReadCompare
                0x00001dc8        0xc .\CortexM3\ARM_GCC_541\Debug\ReactionGame.a(PWM_Yellow.o)
                0x00001dc8                PWM_Yellow_ReadCompare
 .text.PWM_Yellow_ReadPeriod
                0x00001dd4        0xc .\CortexM3\ARM_GCC_541\Debug\ReactionGame.a(PWM_Yellow.o)
                0x00001dd4                PWM_Yellow_ReadPeriod
 .text.isr_3secs_SetVector
                0x00001de0       0x10 .\CortexM3\ARM_GCC_541\Debug\ReactionGame.a(isr_3secs.o)
                0x00001de0                isr_3secs_SetVector
 .text.isr_3secs_SetPriority
                0x00001df0       0x10 .\CortexM3\ARM_GCC_541\Debug\ReactionGame.a(isr_3secs.o)
                0x00001df0                isr_3secs_SetPriority
 .text.isr_3secs_Enable
                0x00001e00       0x10 .\CortexM3\ARM_GCC_541\Debug\ReactionGame.a(isr_3secs.o)
                0x00001e00                isr_3secs_Enable
 .text.isr_3secs_Disable
                0x00001e10       0x10 .\CortexM3\ARM_GCC_541\Debug\ReactionGame.a(isr_3secs.o)
                0x00001e10                isr_3secs_Disable
 .text.isr_3secs_StartEx
                0x00001e20       0x1c .\CortexM3\ARM_GCC_541\Debug\ReactionGame.a(isr_3secs.o)
                0x00001e20                isr_3secs_StartEx
 .text.Timer_3secs_Enable
                0x00001e3c       0x28 .\CortexM3\ARM_GCC_541\Debug\ReactionGame.a(Timer_3secs.o)
                0x00001e3c                Timer_3secs_Enable
 .text.Timer_3secs_Stop
                0x00001e64       0x28 .\CortexM3\ARM_GCC_541\Debug\ReactionGame.a(Timer_3secs.o)
                0x00001e64                Timer_3secs_Stop
 .text.Timer_3secs_SetInterruptMode
                0x00001e8c        0xc .\CortexM3\ARM_GCC_541\Debug\ReactionGame.a(Timer_3secs.o)
                0x00001e8c                Timer_3secs_SetInterruptMode
 .text.Timer_3secs_ReadStatusRegister
                0x00001e98        0xc .\CortexM3\ARM_GCC_541\Debug\ReactionGame.a(Timer_3secs.o)
                0x00001e98                Timer_3secs_ReadStatusRegister
 .text.Timer_3secs_ReadPeriod
                0x00001ea4        0xc .\CortexM3\ARM_GCC_541\Debug\ReactionGame.a(Timer_3secs.o)
                0x00001ea4                Timer_3secs_ReadPeriod
 .text.Timer_3secs_WritePeriod
                0x00001eb0        0xc .\CortexM3\ARM_GCC_541\Debug\ReactionGame.a(Timer_3secs.o)
                0x00001eb0                Timer_3secs_WritePeriod
 .text.Timer_3secs_WriteCounter
                0x00001ebc        0xc .\CortexM3\ARM_GCC_541\Debug\ReactionGame.a(Timer_3secs.o)
                0x00001ebc                Timer_3secs_WriteCounter
 .text.Timer_3secs_Init
                0x00001ec8       0x68 .\CortexM3\ARM_GCC_541\Debug\ReactionGame.a(Timer_3secs.o)
                0x00001ec8                Timer_3secs_Init
 .text.Timer_3secs_Start
                0x00001f30       0x1c .\CortexM3\ARM_GCC_541\Debug\ReactionGame.a(Timer_3secs.o)
                0x00001f30                Timer_3secs_Start
 .text          0x00001f4c       0x7c .\CortexM3\ARM_GCC_541\Debug\ReactionGame.a(ErikaOS_1_ee_gnu_change_context_isr.o)
                0x00001f4c                EE_set_switch_context_pri
                0x00001f66                EE_switch_context
                0x00001f70                EE_cortex_mx_pendsv_ISR
                0x00001fac                EE_cortex_mx_svc_ISR
 .text          0x00001fc8       0x24 .\CortexM3\ARM_GCC_541\Debug\ReactionGame.a(ErikaOS_1_ee_gnu_irq_stack.o)
                0x00001fc8                EE_cortex_mx_change_IRQ_stack
                0x00001fda                EE_cortex_mx_change_IRQ_stack_back
 .text          0x00001fec       0x68 .\CortexM3\ARM_GCC_541\Debug\ReactionGame.a(ErikaOS_1_ee_gnu_multi_context.o)
                0x00001fec                EE_cortex_mx_change_context
 .text          0x00002054       0x80 .\CortexM3\ARM_GCC_541\Debug\ReactionGame.a(ErikaOS_1_ee_gnu_oo.o)
                0x00002054                EE_hal_terminate_savestk
                0x0000209e                EE_hal_terminate_task
 *fill*         0x000020d4        0x4 
 .text          0x000020d8       0x20 .\CortexM3\ARM_GCC_541\Debug\ReactionGame.a(CyBootAsmGnu.o)
                0x000020d8                CyDelayCycles
                0x000020e8                CyEnterCriticalSection
                0x000020f0                CyExitCriticalSection
 .text.EE_thread_not_terminated
                0x000020f8       0x10 .\CortexM3\ARM_GCC_541\Debug\ReactionGame.a(ErikaOS_1_ee_tnterm.o)
                0x000020f8                EE_thread_not_terminated
 .text.EE_oo_thread_stub
                0x00002108       0x10 .\CortexM3\ARM_GCC_541\Debug\ReactionGame.a(ErikaOS_1_ee_tstub.o)
                0x00002108                EE_oo_thread_stub
 .text.EE_std_run_task_code
                0x00002118       0x18 .\CortexM3\ARM_GCC_541\Debug\ReactionGame.a(ErikaOS_1_cortex_mx_ee_context.o)
                0x00002118                EE_std_run_task_code
 .text.EE_std_need_context_change
                0x00002130       0x28 .\CortexM3\ARM_GCC_541\Debug\ReactionGame.a(ErikaOS_1_cortex_mx_ee_context.o)
                0x00002130                EE_std_need_context_change
 .text.EE_thread_rnact_max
                0x00002158       0x20 .\CortexM3\ARM_GCC_541\Debug\ReactionGame.a(ErikaOS_1_ee_thendin.o)
 .text.EE_thread_endcycle_next
                0x00002178       0x30 .\CortexM3\ARM_GCC_541\Debug\ReactionGame.a(ErikaOS_1_ee_thendin.o)
 .text.EE_thread_end_instance
                0x000021a8      0x108 .\CortexM3\ARM_GCC_541\Debug\ReactionGame.a(ErikaOS_1_ee_thendin.o)
                0x000021a8                EE_thread_end_instance
 .text          0x000022b0      0x370 c:/program files (x86)/cypress/psoc creator/4.4/psoc creator/import/gnu/arm/5.4.1/bin/../lib/gcc/arm-none-eabi/5.4.1/armv7-m\libgcc.a(_arm_addsubdf3.o)
                0x000022b0                __aeabi_drsub
                0x000022b8                __aeabi_dsub
                0x000022b8                __subdf3
                0x000022bc                __aeabi_dadd
                0x000022bc                __adddf3
                0x00002534                __floatunsidf
                0x00002534                __aeabi_ui2d
                0x00002554                __floatsidf
                0x00002554                __aeabi_i2d
                0x00002578                __aeabi_f2d
                0x00002578                __extendsfdf2
                0x000025b4                __floatundidf
                0x000025b4                __aeabi_ul2d
                0x000025c4                __floatdidf
                0x000025c4                __aeabi_l2d
 .text          0x00002620      0x424 c:/program files (x86)/cypress/psoc creator/4.4/psoc creator/import/gnu/arm/5.4.1/bin/../lib/gcc/arm-none-eabi/5.4.1/armv7-m\libgcc.a(_arm_muldivdf3.o)
                0x00002620                __aeabi_dmul
                0x00002620                __muldf3
                0x00002874                __divdf3
                0x00002874                __aeabi_ddiv
 .text          0x00002a44       0x50 c:/program files (x86)/cypress/psoc creator/4.4/psoc creator/import/gnu/arm/5.4.1/bin/../lib/gcc/arm-none-eabi/5.4.1/armv7-m\libgcc.a(_arm_fixdfsi.o)
                0x00002a44                __aeabi_d2iz
                0x00002a44                __fixdfsi
 .text          0x00002a94      0x21c c:/program files (x86)/cypress/psoc creator/4.4/psoc creator/import/gnu/arm/5.4.1/bin/../lib/gcc/arm-none-eabi/5.4.1/armv7-m\libgcc.a(_arm_addsubsf3.o)
                0x00002a94                __aeabi_frsub
                0x00002a9c                __subsf3
                0x00002a9c                __aeabi_fsub
                0x00002aa0                __aeabi_fadd
                0x00002aa0                __addsf3
                0x00002c00                __aeabi_ui2f
                0x00002c00                __floatunsisf
                0x00002c08                __aeabi_i2f
                0x00002c08                __floatsisf
                0x00002c24                __aeabi_ul2f
                0x00002c24                __floatundisf
                0x00002c34                __aeabi_l2f
                0x00002c34                __floatdisf
 .text          0x00002cb0      0x2a0 c:/program files (x86)/cypress/psoc creator/4.4/psoc creator/import/gnu/arm/5.4.1/bin/../lib/gcc/arm-none-eabi/5.4.1/armv7-m\libgcc.a(_arm_muldivsf3.o)
                0x00002cb0                __mulsf3
                0x00002cb0                __aeabi_fmul
                0x00002e18                __aeabi_fdiv
                0x00002e18                __divsf3
 .text          0x00002f50       0x4c c:/program files (x86)/cypress/psoc creator/4.4/psoc creator/import/gnu/arm/5.4.1/bin/../lib/gcc/arm-none-eabi/5.4.1/armv7-m\libgcc.a(_arm_fixsfsi.o)
                0x00002f50                __aeabi_f2iz
                0x00002f50                __fixsfsi
 .text.__errno  0x00002f9c        0xc c:/program files (x86)/cypress/psoc creator/4.4/psoc creator/import/gnu/arm/5.4.1/bin/../lib/gcc/arm-none-eabi/5.4.1/../../../../arm-none-eabi/lib/armv7-m\libg_nano.a(lib_a-errno.o)
                0x00002f9c                __errno
 .text.__libc_init_array
                0x00002fa8       0x4c c:/program files (x86)/cypress/psoc creator/4.4/psoc creator/import/gnu/arm/5.4.1/bin/../lib/gcc/arm-none-eabi/5.4.1/../../../../arm-none-eabi/lib/armv7-m\libg_nano.a(lib_a-init.o)
                0x00002fa8                __libc_init_array
 .text.memcpy   0x00002ff4       0x16 c:/program files (x86)/cypress/psoc creator/4.4/psoc creator/import/gnu/arm/5.4.1/bin/../lib/gcc/arm-none-eabi/5.4.1/../../../../arm-none-eabi/lib/armv7-m\libg_nano.a(lib_a-memcpy-stub.o)
                0x00002ff4                memcpy
 .text.memset   0x0000300a       0x10 c:/program files (x86)/cypress/psoc creator/4.4/psoc creator/import/gnu/arm/5.4.1/bin/../lib/gcc/arm-none-eabi/5.4.1/../../../../arm-none-eabi/lib/armv7-m\libg_nano.a(lib_a-memset.o)
                0x0000300a                memset
 .text.__cvt    0x0000301a       0xc0 c:/program files (x86)/cypress/psoc creator/4.4/psoc creator/import/gnu/arm/5.4.1/bin/../lib/gcc/arm-none-eabi/5.4.1/../../../../arm-none-eabi/lib/armv7-m\libg_nano.a(lib_a-nano-vfprintf_float.o)
                0x0000301a                __cvt
 .text.__exponent
                0x000030da       0x62 c:/program files (x86)/cypress/psoc creator/4.4/psoc creator/import/gnu/arm/5.4.1/bin/../lib/gcc/arm-none-eabi/5.4.1/../../../../arm-none-eabi/lib/armv7-m\libg_nano.a(lib_a-nano-vfprintf_float.o)
                0x000030da                __exponent
 .text._printf_float
                0x0000313c      0x488 c:/program files (x86)/cypress/psoc creator/4.4/psoc creator/import/gnu/arm/5.4.1/bin/../lib/gcc/arm-none-eabi/5.4.1/../../../../arm-none-eabi/lib/armv7-m\libg_nano.a(lib_a-nano-vfprintf_float.o)
                0x0000313c                _printf_float
 .text._printf_common
                0x000035c4       0xec c:/program files (x86)/cypress/psoc creator/4.4/psoc creator/import/gnu/arm/5.4.1/bin/../lib/gcc/arm-none-eabi/5.4.1/../../../../arm-none-eabi/lib/armv7-m\libg_nano.a(lib_a-nano-vfprintf_i.o)
                0x000035c4                _printf_common
 .text._printf_i
                0x000036b0      0x24c c:/program files (x86)/cypress/psoc creator/4.4/psoc creator/import/gnu/arm/5.4.1/bin/../lib/gcc/arm-none-eabi/5.4.1/../../../../arm-none-eabi/lib/armv7-m\libg_nano.a(lib_a-nano-vfprintf_i.o)
                0x000036b0                _printf_i
 .text.srand    0x000038fc       0x50 c:/program files (x86)/cypress/psoc creator/4.4/psoc creator/import/gnu/arm/5.4.1/bin/../lib/gcc/arm-none-eabi/5.4.1/../../../../arm-none-eabi/lib/armv7-m\libg_nano.a(lib_a-rand.o)
                0x000038fc                srand
 .text.rand     0x0000394c       0x74 c:/program files (x86)/cypress/psoc creator/4.4/psoc creator/import/gnu/arm/5.4.1/bin/../lib/gcc/arm-none-eabi/5.4.1/../../../../arm-none-eabi/lib/armv7-m\libg_nano.a(lib_a-rand.o)
                0x0000394c                rand
 .text.sprintf  0x000039c0       0x48 c:/program files (x86)/cypress/psoc creator/4.4/psoc creator/import/gnu/arm/5.4.1/bin/../lib/gcc/arm-none-eabi/5.4.1/../../../../arm-none-eabi/lib/armv7-m\libg_nano.a(lib_a-sprintf.o)
                0x000039c0                siprintf
                0x000039c0                sprintf
 .text          0x00003a08       0x10 c:/program files (x86)/cypress/psoc creator/4.4/psoc creator/import/gnu/arm/5.4.1/bin/../lib/gcc/arm-none-eabi/5.4.1/../../../../arm-none-eabi/lib/armv7-m\libg_nano.a(lib_a-strlen.o)
                0x00003a08                strlen
 .text.quorem   0x00003a18      0x116 c:/program files (x86)/cypress/psoc creator/4.4/psoc creator/import/gnu/arm/5.4.1/bin/../lib/gcc/arm-none-eabi/5.4.1/../../../../arm-none-eabi/lib/armv7-m\libg_nano.a(lib_a-dtoa.o)
 *fill*         0x00003b2e        0x2 
 .text._dtoa_r  0x00003b30      0xb30 c:/program files (x86)/cypress/psoc creator/4.4/psoc creator/import/gnu/arm/5.4.1/bin/../lib/gcc/arm-none-eabi/5.4.1/../../../../arm-none-eabi/lib/armv7-m\libg_nano.a(lib_a-dtoa.o)
                0x00003b30                _dtoa_r
 .text._localeconv_r
                0x00004660        0x8 c:/program files (x86)/cypress/psoc creator/4.4/psoc creator/import/gnu/arm/5.4.1/bin/../lib/gcc/arm-none-eabi/5.4.1/../../../../arm-none-eabi/lib/armv7-m\libg_nano.a(lib_a-locale.o)
                0x00004660                _localeconv_r
 .text.malloc   0x00004668       0x10 c:/program files (x86)/cypress/psoc creator/4.4/psoc creator/import/gnu/arm/5.4.1/bin/../lib/gcc/arm-none-eabi/5.4.1/../../../../arm-none-eabi/lib/armv7-m\libg_nano.a(lib_a-malloc.o)
                0x00004668                malloc
 .text.memchr   0x00004678       0x1c c:/program files (x86)/cypress/psoc creator/4.4/psoc creator/import/gnu/arm/5.4.1/bin/../lib/gcc/arm-none-eabi/5.4.1/../../../../arm-none-eabi/lib/armv7-m\libg_nano.a(lib_a-memchr-stub.o)
                0x00004678                memchr
 .text._Balloc  0x00004694       0x6a c:/program files (x86)/cypress/psoc creator/4.4/psoc creator/import/gnu/arm/5.4.1/bin/../lib/gcc/arm-none-eabi/5.4.1/../../../../arm-none-eabi/lib/armv7-m\libg_nano.a(lib_a-mprec.o)
                0x00004694                _Balloc
 .text._Bfree   0x000046fe       0x2e c:/program files (x86)/cypress/psoc creator/4.4/psoc creator/import/gnu/arm/5.4.1/bin/../lib/gcc/arm-none-eabi/5.4.1/../../../../arm-none-eabi/lib/armv7-m\libg_nano.a(lib_a-mprec.o)
                0x000046fe                _Bfree
 .text.__multadd
                0x0000472c       0x76 c:/program files (x86)/cypress/psoc creator/4.4/psoc creator/import/gnu/arm/5.4.1/bin/../lib/gcc/arm-none-eabi/5.4.1/../../../../arm-none-eabi/lib/armv7-m\libg_nano.a(lib_a-mprec.o)
                0x0000472c                __multadd
 .text.__hi0bits
                0x000047a2       0x40 c:/program files (x86)/cypress/psoc creator/4.4/psoc creator/import/gnu/arm/5.4.1/bin/../lib/gcc/arm-none-eabi/5.4.1/../../../../arm-none-eabi/lib/armv7-m\libg_nano.a(lib_a-mprec.o)
                0x000047a2                __hi0bits
 .text.__lo0bits
                0x000047e2       0x5a c:/program files (x86)/cypress/psoc creator/4.4/psoc creator/import/gnu/arm/5.4.1/bin/../lib/gcc/arm-none-eabi/5.4.1/../../../../arm-none-eabi/lib/armv7-m\libg_nano.a(lib_a-mprec.o)
                0x000047e2                __lo0bits
 .text.__i2b    0x0000483c       0x12 c:/program files (x86)/cypress/psoc creator/4.4/psoc creator/import/gnu/arm/5.4.1/bin/../lib/gcc/arm-none-eabi/5.4.1/../../../../arm-none-eabi/lib/armv7-m\libg_nano.a(lib_a-mprec.o)
                0x0000483c                __i2b
 .text.__multiply
                0x0000484e      0x120 c:/program files (x86)/cypress/psoc creator/4.4/psoc creator/import/gnu/arm/5.4.1/bin/../lib/gcc/arm-none-eabi/5.4.1/../../../../arm-none-eabi/lib/armv7-m\libg_nano.a(lib_a-mprec.o)
                0x0000484e                __multiply
 *fill*         0x0000496e        0x2 
 .text.__pow5mult
                0x00004970       0x9c c:/program files (x86)/cypress/psoc creator/4.4/psoc creator/import/gnu/arm/5.4.1/bin/../lib/gcc/arm-none-eabi/5.4.1/../../../../arm-none-eabi/lib/armv7-m\libg_nano.a(lib_a-mprec.o)
                0x00004970                __pow5mult
 .text.__lshift
                0x00004a0c       0xa2 c:/program files (x86)/cypress/psoc creator/4.4/psoc creator/import/gnu/arm/5.4.1/bin/../lib/gcc/arm-none-eabi/5.4.1/../../../../arm-none-eabi/lib/armv7-m\libg_nano.a(lib_a-mprec.o)
                0x00004a0c                __lshift
 .text.__mcmp   0x00004aae       0x38 c:/program files (x86)/cypress/psoc creator/4.4/psoc creator/import/gnu/arm/5.4.1/bin/../lib/gcc/arm-none-eabi/5.4.1/../../../../arm-none-eabi/lib/armv7-m\libg_nano.a(lib_a-mprec.o)
                0x00004aae                __mcmp
 .text.__mdiff  0x00004ae6       0xbe c:/program files (x86)/cypress/psoc creator/4.4/psoc creator/import/gnu/arm/5.4.1/bin/../lib/gcc/arm-none-eabi/5.4.1/../../../../arm-none-eabi/lib/armv7-m\libg_nano.a(lib_a-mprec.o)
                0x00004ae6                __mdiff
 .text.__d2b    0x00004ba4       0x9c c:/program files (x86)/cypress/psoc creator/4.4/psoc creator/import/gnu/arm/5.4.1/bin/../lib/gcc/arm-none-eabi/5.4.1/../../../../arm-none-eabi/lib/armv7-m\libg_nano.a(lib_a-mprec.o)
                0x00004ba4                __d2b
 .text._calloc_r
                0x00004c40       0x1c c:/program files (x86)/cypress/psoc creator/4.4/psoc creator/import/gnu/arm/5.4.1/bin/../lib/gcc/arm-none-eabi/5.4.1/../../../../arm-none-eabi/lib/armv7-m\libg_nano.a(lib_a-nano-callocr.o)
                0x00004c40                _calloc_r
 .text._free_r  0x00004c5c       0x98 c:/program files (x86)/cypress/psoc creator/4.4/psoc creator/import/gnu/arm/5.4.1/bin/../lib/gcc/arm-none-eabi/5.4.1/../../../../arm-none-eabi/lib/armv7-m\libg_nano.a(lib_a-nano-freer.o)
                0x00004c5c                _free_r
 .text._malloc_r
                0x00004cf4       0xbc c:/program files (x86)/cypress/psoc creator/4.4/psoc creator/import/gnu/arm/5.4.1/bin/../lib/gcc/arm-none-eabi/5.4.1/../../../../arm-none-eabi/lib/armv7-m\libg_nano.a(lib_a-nano-mallocr.o)
                0x00004cf4                _malloc_r
 .text.__ssputs_r
                0x00004db0       0xb2 c:/program files (x86)/cypress/psoc creator/4.4/psoc creator/import/gnu/arm/5.4.1/bin/../lib/gcc/arm-none-eabi/5.4.1/../../../../arm-none-eabi/lib/armv7-m\libg_nano.a(lib_a-nano-svfprintf.o)
                0x00004db0                __ssputs_r
 *fill*         0x00004e62        0x2 
 .text._svfprintf_r
                0x00004e64      0x1e8 c:/program files (x86)/cypress/psoc creator/4.4/psoc creator/import/gnu/arm/5.4.1/bin/../lib/gcc/arm-none-eabi/5.4.1/../../../../arm-none-eabi/lib/armv7-m\libg_nano.a(lib_a-nano-svfprintf.o)
                0x00004e64                _svfiprintf_r
                0x00004e64                _svfprintf_r
 .text._sbrk_r  0x0000504c       0x20 c:/program files (x86)/cypress/psoc creator/4.4/psoc creator/import/gnu/arm/5.4.1/bin/../lib/gcc/arm-none-eabi/5.4.1/../../../../arm-none-eabi/lib/armv7-m\libg_nano.a(lib_a-sbrkr.o)
                0x0000504c                _sbrk_r
 .text.memmove  0x0000506c       0x36 c:/program files (x86)/cypress/psoc creator/4.4/psoc creator/import/gnu/arm/5.4.1/bin/../lib/gcc/arm-none-eabi/5.4.1/../../../../arm-none-eabi/lib/armv7-m\libg_nano.a(lib_a-memmove.o)
                0x0000506c                memmove
 .text.__malloc_lock
                0x000050a2        0x2 c:/program files (x86)/cypress/psoc creator/4.4/psoc creator/import/gnu/arm/5.4.1/bin/../lib/gcc/arm-none-eabi/5.4.1/../../../../arm-none-eabi/lib/armv7-m\libg_nano.a(lib_a-mlock.o)
                0x000050a2                __malloc_lock
 .text.__malloc_unlock
                0x000050a4        0x2 c:/program files (x86)/cypress/psoc creator/4.4/psoc creator/import/gnu/arm/5.4.1/bin/../lib/gcc/arm-none-eabi/5.4.1/../../../../arm-none-eabi/lib/armv7-m\libg_nano.a(lib_a-mlock.o)
                0x000050a4                __malloc_unlock
 .text._realloc_r
                0x000050a6       0x4c c:/program files (x86)/cypress/psoc creator/4.4/psoc creator/import/gnu/arm/5.4.1/bin/../lib/gcc/arm-none-eabi/5.4.1/../../../../arm-none-eabi/lib/armv7-m\libg_nano.a(lib_a-nano-reallocr.o)
                0x000050a6                _realloc_r
 .text._malloc_usable_size_r
                0x000050f2       0x14 c:/program files (x86)/cypress/psoc creator/4.4/psoc creator/import/gnu/arm/5.4.1/bin/../lib/gcc/arm-none-eabi/5.4.1/../../../../arm-none-eabi/lib/armv7-m\libg_nano.a(lib_a-nano-msizer.o)
                0x000050f2                _malloc_usable_size_r
 *fill*         0x00005106        0x2 
 .text          0x00005108      0x110 c:/program files (x86)/cypress/psoc creator/4.4/psoc creator/import/gnu/arm/5.4.1/bin/../lib/gcc/arm-none-eabi/5.4.1/armv7-m\libgcc.a(_arm_cmpdf2.o)
                0x00005108                __gtdf2
                0x00005108                __gedf2
                0x00005110                __ltdf2
                0x00005110                __ledf2
                0x00005118                __nedf2
                0x00005118                __eqdf2
                0x00005118                __cmpdf2
                0x00005194                __aeabi_cdrcmple
                0x000051a4                __aeabi_cdcmpeq
                0x000051a4                __aeabi_cdcmple
                0x000051b4                __aeabi_dcmpeq
                0x000051c8                __aeabi_dcmplt
                0x000051dc                __aeabi_dcmple
                0x000051f0                __aeabi_dcmpge
                0x00005204                __aeabi_dcmpgt
 .text          0x00005218       0x2c c:/program files (x86)/cypress/psoc creator/4.4/psoc creator/import/gnu/arm/5.4.1/bin/../lib/gcc/arm-none-eabi/5.4.1/armv7-m\libgcc.a(_arm_unorddf2.o)
                0x00005218                __unorddf2
                0x00005218                __aeabi_dcmpun
 *(.plt)
 *(.gnu.warning)
 *(.glue_7t)
 .glue_7t       0x00005244        0x0 linker stubs
 *(.glue_7)
 .glue_7        0x00005244        0x0 linker stubs
 *(.vfp11_veneer)
 .vfp11_veneer  0x00005244        0x0 linker stubs
 *(.bootloader)
 *(.ARM.extab* .gnu.linkonce.armextab.*)
 *(.gcc_except_table)

.v4_bx          0x00005244        0x0
 .v4_bx         0x00005244        0x0 linker stubs

.iplt           0x00005244        0x0
 .iplt          0x00005244        0x0 c:/program files (x86)/cypress/psoc creator/4.4/psoc creator/import/gnu/arm/5.4.1/bin/../lib/gcc/arm-none-eabi/5.4.1/armv7-m/crtbegin.o

.eh_frame_hdr
 *(.eh_frame_hdr)

.eh_frame       0x00005244        0x4
 *(.eh_frame)
 .eh_frame      0x00005244        0x0 c:/program files (x86)/cypress/psoc creator/4.4/psoc creator/import/gnu/arm/5.4.1/bin/../lib/gcc/arm-none-eabi/5.4.1/armv7-m/crtbegin.o
 .eh_frame      0x00005244        0x4 c:/program files (x86)/cypress/psoc creator/4.4/psoc creator/import/gnu/arm/5.4.1/bin/../lib/gcc/arm-none-eabi/5.4.1/armv7-m/crtend.o
                [!provide]                PROVIDE (__exidx_start, .)

.ARM.exidx
 *(.ARM.exidx* .gnu.linkonce.armexidx.*)
                0x00005248                __exidx_end = .

.rodata         0x00005248      0x7c0
 *(.rodata .rodata.* .gnu.linkonce.r.*)
 .rodata        0x00005248       0x36 .\CortexM3\ARM_GCC_541\Debug\Arcadian.o
                0x00005248                RG_glowtable_1
 *fill*         0x0000527e        0x2 
 .rodata.str1.4
                0x00005280      0x10e .\CortexM3\ARM_GCC_541\Debug\game.o
 *fill*         0x0000538e        0x2 
 .rodata.str1.4
                0x00005390       0x1f .\CortexM3\ARM_GCC_541\Debug\main.o
 *fill*         0x000053af        0x1 
 .rodata        0x000053b0      0x200 .\CortexM3\ARM_GCC_541\Debug\RGB_Led.o
 .rodata        0x000055b0       0x10 .\CortexM3\ARM_GCC_541\Debug\seven.o
                0x000055b0                Seven_Lookup
 .rodata        0x000055c0       0x4c .\CortexM3\ARM_GCC_541\Debug\cyfitter_cfg.o
 .rodata        0x0000560c      0x100 .\CortexM3\ARM_GCC_541\Debug\ReactionGame.a(ErikaOS_1_ee_lookup.o)
                0x0000560c                EE_rq_lookup
 .rodata        0x0000570c       0xe8 .\CortexM3\ARM_GCC_541\Debug\ReactionGame.a(ErikaOS_1_eecfg.o)
                0x0000570c                EE_oo_autostart_task_data
                0x00005718                EE_oo_action_ROM
                0x00005740                EE_oo_counter_object_ROM
                0x00005758                EE_ALARM_ID
                0x00005760                EE_alarm_ROM
                0x00005768                EE_counter_ROM
                0x00005774                EE_th_is_extended
                0x00005784                EE_th_rnact_max
                0x00005794                EE_th_dispatch_prio
                0x000057a4                EE_EVENT_ID
                0x000057b0                EE_th_ready_prio
                0x000057c0                EE_terminate_real_th_body
                0x000057d0                EE_hal_thread_body
                0x000057e0                EE_std_thread_tos
 .rodata.str1.4
                0x000057f4       0x7c .\CortexM3\ARM_GCC_541\Debug\ReactionGame.a(ErikaOS_1_eecfg.o)
                                 0x79 (size before relaxing)
 .rodata.str1.1
                0x00005870        0x2 c:/program files (x86)/cypress/psoc creator/4.4/psoc creator/import/gnu/arm/5.4.1/bin/../lib/gcc/arm-none-eabi/5.4.1/../../../../arm-none-eabi/lib/armv7-m\libg_nano.a(lib_a-impure.o)
 .rodata.str1.1
                0x00005872       0x12 c:/program files (x86)/cypress/psoc creator/4.4/psoc creator/import/gnu/arm/5.4.1/bin/../lib/gcc/arm-none-eabi/5.4.1/../../../../arm-none-eabi/lib/armv7-m\libg_nano.a(lib_a-nano-vfprintf_float.o)
 .rodata.str1.1
                0x00005884       0x22 c:/program files (x86)/cypress/psoc creator/4.4/psoc creator/import/gnu/arm/5.4.1/bin/../lib/gcc/arm-none-eabi/5.4.1/../../../../arm-none-eabi/lib/armv7-m\libg_nano.a(lib_a-nano-vfprintf_i.o)
 .rodata.str1.1
                0x000058a6        0xd c:/program files (x86)/cypress/psoc creator/4.4/psoc creator/import/gnu/arm/5.4.1/bin/../lib/gcc/arm-none-eabi/5.4.1/../../../../arm-none-eabi/lib/armv7-m\libg_nano.a(lib_a-dtoa.o)
                                  0xf (size before relaxing)
 .rodata.str1.1
                0x000058b3        0x8 c:/program files (x86)/cypress/psoc creator/4.4/psoc creator/import/gnu/arm/5.4.1/bin/../lib/gcc/arm-none-eabi/5.4.1/../../../../arm-none-eabi/lib/armv7-m\libg_nano.a(lib_a-locale.o)
                                  0xb (size before relaxing)
 *fill*         0x000058bb        0x5 
 .rodata.__mprec_tens
                0x000058c0       0xc8 c:/program files (x86)/cypress/psoc creator/4.4/psoc creator/import/gnu/arm/5.4.1/bin/../lib/gcc/arm-none-eabi/5.4.1/../../../../arm-none-eabi/lib/armv7-m\libg_nano.a(lib_a-mprec.o)
                0x000058c0                __mprec_tens
 .rodata.p05.5408
                0x00005988        0xc c:/program files (x86)/cypress/psoc creator/4.4/psoc creator/import/gnu/arm/5.4.1/bin/../lib/gcc/arm-none-eabi/5.4.1/../../../../arm-none-eabi/lib/armv7-m\libg_nano.a(lib_a-mprec.o)
 *fill*         0x00005994        0x4 
 .rodata.__mprec_bigtens
                0x00005998       0x28 c:/program files (x86)/cypress/psoc creator/4.4/psoc creator/import/gnu/arm/5.4.1/bin/../lib/gcc/arm-none-eabi/5.4.1/../../../../arm-none-eabi/lib/armv7-m\libg_nano.a(lib_a-mprec.o)
                0x00005998                __mprec_bigtens
 .rodata.str1.1
                0x000059c0       0x11 c:/program files (x86)/cypress/psoc creator/4.4/psoc creator/import/gnu/arm/5.4.1/bin/../lib/gcc/arm-none-eabi/5.4.1/../../../../arm-none-eabi/lib/armv7-m\libg_nano.a(lib_a-nano-svfprintf.o)
                0x000059d4                . = ALIGN (0x4)
 *fill*         0x000059d1        0x3 
 *(.init)
 .init          0x000059d4        0x4 c:/program files (x86)/cypress/psoc creator/4.4/psoc creator/import/gnu/arm/5.4.1/bin/../lib/gcc/arm-none-eabi/5.4.1/armv7-m/crti.o
                0x000059d4                _init
 .init          0x000059d8        0x8 c:/program files (x86)/cypress/psoc creator/4.4/psoc creator/import/gnu/arm/5.4.1/bin/../lib/gcc/arm-none-eabi/5.4.1/armv7-m/crtn.o
                0x000059e0                . = ALIGN (0x4)
                0x000059e0                __preinit_array_start = .
 *(.preinit_array)
                0x000059e0                __preinit_array_end = .
                0x000059e0                . = ALIGN (0x4)
                0x000059e0                __init_array_start = .
 *(SORT(.init_array.*))
 *(.init_array)
 .init_array    0x000059e0        0x4 c:/program files (x86)/cypress/psoc creator/4.4/psoc creator/import/gnu/arm/5.4.1/bin/../lib/gcc/arm-none-eabi/5.4.1/armv7-m/crtbegin.o
 .init_array    0x000059e4        0x4 .\CortexM3\ARM_GCC_541\Debug\Cm3Start.o
                0x000059e8                __init_array_end = .
                0x000059e8                . = ALIGN (0x4)
 *(.fini)
 .fini          0x000059e8        0x4 c:/program files (x86)/cypress/psoc creator/4.4/psoc creator/import/gnu/arm/5.4.1/bin/../lib/gcc/arm-none-eabi/5.4.1/armv7-m/crti.o
                0x000059e8                _fini
 .fini          0x000059ec        0x8 c:/program files (x86)/cypress/psoc creator/4.4/psoc creator/import/gnu/arm/5.4.1/bin/../lib/gcc/arm-none-eabi/5.4.1/armv7-m/crtn.o
                0x000059f4                . = ALIGN (0x4)
                0x000059f4                __fini_array_start = .
 *(.fini_array)
 .fini_array    0x000059f4        0x4 c:/program files (x86)/cypress/psoc creator/4.4/psoc creator/import/gnu/arm/5.4.1/bin/../lib/gcc/arm-none-eabi/5.4.1/armv7-m/crtbegin.o
 *(SORT(.fini_array.*))
                0x000059f8                __fini_array_end = .
                0x000059f8                . = ALIGN (0x4)
 *crtbegin.o(.ctors)
 *(EXCLUDE_FILE(*crtend.o) .ctors)
 *(SORT(.ctors.*))
 *crtend.o(.ctors)
                0x000059f8                . = ALIGN (0x4)
 *crtbegin.o(.dtors)
 *(EXCLUDE_FILE(*crtend.o) .dtors)
 *(SORT(.dtors.*))
 *crtend.o(.dtors)
                0x000059f8                . = ALIGN (0x4)
                0x000059f8                __cy_regions = .
                0x000059f8        0x4 LONG 0x5a08 __cy_region_init_ram
                0x000059fc        0x4 LONG 0x1fff80c8 __cy_region_start_data
                0x00005a00        0x4 LONG 0x1d0 __cy_region_init_size_ram
                0x00005a04        0x4 LONG 0xbb0 __cy_region_zero_size_ram
                0x00005a08                __cy_regions_end = .
                0x00005a08                . = ALIGN (0x8)
                0x00005a08                _etext = .

.cy_checksum_exclude
                0x00005a08        0x0
 *(.cy_checksum_exclude)

.ramvectors     0x1fff8000       0xc0
                0x1fff8000                __cy_region_start_ram = .
 *(.ramvectors)
 .ramvectors    0x1fff8000       0xc0 .\CortexM3\ARM_GCC_541\Debug\Cm3Start.o
                0x1fff8000                CyRamVectors

.noinit         0x1fff80c0        0x1
 *(.noinit)
 .noinit        0x1fff80c0        0x1 .\CortexM3\ARM_GCC_541\Debug\ReactionGame.a(CyLib.o)
                0x1fff80c0                CyResetStatus

.data           0x1fff80c8      0x1d0 load address 0x00005a08
                0x1fff80c8                __cy_region_start_data = .
 *(.jcr)
 .jcr           0x1fff80c8        0x0 c:/program files (x86)/cypress/psoc creator/4.4/psoc creator/import/gnu/arm/5.4.1/bin/../lib/gcc/arm-none-eabi/5.4.1/armv7-m/crtbegin.o
 .jcr           0x1fff80c8        0x4 c:/program files (x86)/cypress/psoc creator/4.4/psoc creator/import/gnu/arm/5.4.1/bin/../lib/gcc/arm-none-eabi/5.4.1/armv7-m/crtend.o
 *(.got.plt)
 *(.got)
 *(.shdata)
 *(.data .data.* .gnu.linkonce.d.*)
 .data          0x1fff80cc        0x4 .\CortexM3\ARM_GCC_541\Debug\Arcadian.o
 .data          0x1fff80d0        0x4 .\CortexM3\ARM_GCC_541\Debug\game.o
 .data          0x1fff80d4        0x4 .\CortexM3\ARM_GCC_541\Debug\Cm3Start.o
 .data          0x1fff80d8      0x11c .\CortexM3\ARM_GCC_541\Debug\ReactionGame.a(ErikaOS_1_eecfg.o)
                0x1fff80d8                EE_ALARM_NAME
                0x1fff80e0                EE_counter_RAM
                0x1fff80e8                EE_th_terminate_nextask
                0x1fff80f8                EE_rq_pairs_next
                0x1fff8108                EE_rq_link
                0x1fff8118                EE_th_rnact
                0x1fff8128                EE_rq_queues_tail
                0x1fff8168                EE_rq_queues_head
                0x1fff81a8                EE_stkfirst
                0x1fff81ac                EE_th_next
                0x1fff81bc                EE_th_status
                0x1fff81cc                EE_EVENT_NAME
                0x1fff81d8                EE_TASK_NAME
                0x1fff81e8                EE_cortex_mx_IRQ_tos
                0x1fff81ec                EE_cortex_mx_system_tos
 .data          0x1fff81f4        0x4 .\CortexM3\ARM_GCC_541\Debug\ReactionGame.a(ErikaOS_1_ee_gnu_irq_stack.o)
 .data.impure_data
                0x1fff81f8       0x60 c:/program files (x86)/cypress/psoc creator/4.4/psoc creator/import/gnu/arm/5.4.1/bin/../lib/gcc/arm-none-eabi/5.4.1/../../../../arm-none-eabi/lib/armv7-m\libg_nano.a(lib_a-impure.o)
 .data._impure_ptr
                0x1fff8258        0x4 c:/program files (x86)/cypress/psoc creator/4.4/psoc creator/import/gnu/arm/5.4.1/bin/../lib/gcc/arm-none-eabi/5.4.1/../../../../arm-none-eabi/lib/armv7-m\libg_nano.a(lib_a-impure.o)
                0x1fff8258                _impure_ptr
 .data.lconv    0x1fff825c       0x38 c:/program files (x86)/cypress/psoc creator/4.4/psoc creator/import/gnu/arm/5.4.1/bin/../lib/gcc/arm-none-eabi/5.4.1/../../../../arm-none-eabi/lib/armv7-m\libg_nano.a(lib_a-locale.o)
                0x1fff8298                . = ALIGN (0x8)
 *fill*         0x1fff8294        0x4 
 *(.ram)
                0x1fff8298                _edata = .

.igot.plt       0x1fff8298        0x0 load address 0x00005bd8
 .igot.plt      0x1fff8298        0x0 c:/program files (x86)/cypress/psoc creator/4.4/psoc creator/import/gnu/arm/5.4.1/bin/../lib/gcc/arm-none-eabi/5.4.1/armv7-m/crtbegin.o

.bss            0x1fff8298      0xbb0 load address 0x00005bd8
                0x1fff8298                PROVIDE (__bss_start__, .)
 *(.shbss)
 *(.bss .bss.* .gnu.linkonce.b.*)
 .bss           0x1fff8298       0x1c c:/program files (x86)/cypress/psoc creator/4.4/psoc creator/import/gnu/arm/5.4.1/bin/../lib/gcc/arm-none-eabi/5.4.1/armv7-m/crtbegin.o
 .bss           0x1fff82b4       0x10 .\CortexM3\ARM_GCC_541\Debug\Arcadian.o
 .bss           0x1fff82c4       0x34 .\CortexM3\ARM_GCC_541\Debug\game.o
 .bss           0x1fff82f8        0x3 .\CortexM3\ARM_GCC_541\Debug\RGB_Led.o
 *fill*         0x1fff82fb        0x1 
 .bss           0x1fff82fc       0x40 .\CortexM3\ARM_GCC_541\Debug\ReactionGame.a(ErikaOS_1_eecfg.o)
                0x1fff82fc                EE_th_waswaiting
                0x1fff830c                EE_th_event_waitmask
                0x1fff831c                EE_th_event_active
                0x1fff832c                EE_rq_free
                0x1fff8330                EE_rq_bitmask
                0x1fff8334                EE_sys_ceiling
                0x1fff8338                EE_cortex_mx_active_tos
 .bss           0x1fff833c        0x4 .\CortexM3\ARM_GCC_541\Debug\ReactionGame.a(UART_LOG.o)
                0x1fff833c                UART_LOG_initVar
                0x1fff833d                UART_LOG_txBufferRead
                0x1fff833e                UART_LOG_txBufferWrite
 .bss           0x1fff8340        0x1 .\CortexM3\ARM_GCC_541\Debug\ReactionGame.a(RGB_PWM_red.o)
                0x1fff8340                RGB_PWM_red_initVar
 .bss           0x1fff8341        0x1 .\CortexM3\ARM_GCC_541\Debug\ReactionGame.a(RGB_PWM_green.o)
                0x1fff8341                RGB_PWM_green_initVar
 .bss           0x1fff8342        0x1 .\CortexM3\ARM_GCC_541\Debug\ReactionGame.a(RGB_PWM_blue.o)
                0x1fff8342                RGB_PWM_blue_initVar
 .bss           0x1fff8343        0x1 .\CortexM3\ARM_GCC_541\Debug\ReactionGame.a(PWM_Red.o)
                0x1fff8343                PWM_Red_initVar
 .bss           0x1fff8344        0x1 .\CortexM3\ARM_GCC_541\Debug\ReactionGame.a(PWM_Green.o)
                0x1fff8344                PWM_Green_initVar
 .bss           0x1fff8345        0x1 .\CortexM3\ARM_GCC_541\Debug\ReactionGame.a(PWM_Yellow.o)
                0x1fff8345                PWM_Yellow_initVar
 .bss           0x1fff8346        0x1 .\CortexM3\ARM_GCC_541\Debug\ReactionGame.a(Timer_3secs.o)
                0x1fff8346                Timer_3secs_initVar
 *fill*         0x1fff8347        0x1 
 .bss.__malloc_sbrk_start
                0x1fff8348        0x4 c:/program files (x86)/cypress/psoc creator/4.4/psoc creator/import/gnu/arm/5.4.1/bin/../lib/gcc/arm-none-eabi/5.4.1/../../../../arm-none-eabi/lib/armv7-m\libg_nano.a(lib_a-nano-mallocr.o)
                0x1fff8348                __malloc_sbrk_start
 .bss.__malloc_free_list
                0x1fff834c        0x4 c:/program files (x86)/cypress/psoc creator/4.4/psoc creator/import/gnu/arm/5.4.1/bin/../lib/gcc/arm-none-eabi/5.4.1/../../../../arm-none-eabi/lib/armv7-m\libg_nano.a(lib_a-nano-mallocr.o)
                0x1fff834c                __malloc_free_list
 *(COMMON)
 COMMON         0x1fff8350        0x8 .\CortexM3\ARM_GCC_541\Debug\ReactionGame.a(ErikaOS_1_ee_lookup.o)
                0x1fff8350                EE_oo_IRQ_disable_count
                0x1fff8354                EE_oo_IRQ_suspend_status
 COMMON         0x1fff8358        0x4 .\CortexM3\ARM_GCC_541\Debug\ReactionGame.a(ErikaOS_1_ee_startos.o)
                0x1fff8358                EE_oo_started
 COMMON         0x1fff835c        0x8 .\CortexM3\ARM_GCC_541\Debug\ReactionGame.a(ErikaOS_1_common_ee_hal_structs.o)
                0x1fff835c                EE_IRQ_nesting_level
                0x1fff8360                EE_std_endcycle_next_tid
 COMMON         0x1fff8364      0xa14 .\CortexM3\ARM_GCC_541\Debug\ReactionGame.a(ErikaOS_1_eecfg.o)
                0x1fff8364                EE_cortex_mx_stack_3
                0x1fff8b34                EE_rq_pairs_tid
                0x1fff8b44                EE_terminate_data
                0x1fff8b54                EE_oo_counter_object_RAM
                0x1fff8b74                EE_ApplicationMode
                0x1fff8b78                EE_cortex_mx_stack_9
 COMMON         0x1fff8d78       0xc8 .\CortexM3\ARM_GCC_541\Debug\ReactionGame.a(UART_LOG.o)
                0x1fff8d78                UART_LOG_txBuffer
 COMMON         0x1fff8e40        0x4 c:/program files (x86)/cypress/psoc creator/4.4/psoc creator/import/gnu/arm/5.4.1/bin/../lib/gcc/arm-none-eabi/5.4.1/../../../../arm-none-eabi/lib/armv7-m\libg_nano.a(lib_a-reent.o)
                0x1fff8e40                errno
                0x1fff8e48                . = ALIGN (0x8)
 *fill*         0x1fff8e44        0x4 
 *(.ram.b)
                0x1fff8e48                _end = .
                0x1fff8e48                __end = .
                0x1fff8e48                PROVIDE (end, .)
                0x1fff8e48                PROVIDE (__bss_end__, .)
                0x00005a08                __cy_region_init_ram = LOADADDR (.data)
                0x000001d0                __cy_region_init_size_ram = (_edata - ADDR (.data))
                0x00000bb0                __cy_region_zero_size_ram = (_end - _edata)

.heap           0x1fff8e48      0x200 load address 0x00005bd8
                0x1fff8e48                . = _end
                0x1fff9048                . = (. + 0x200)
 *fill*         0x1fff8e48      0x200 
                0x1fff9048                __cy_heap_limit = .

.stack          0x20007800      0x800
                0x20007800                __cy_stack_limit = .
                0x20008000                . = (. + 0x800)
 *fill*         0x20007800      0x800 
                0x00000001                ASSERT ((__cy_stack_limit >= __cy_heap_limit), region RAM overflowed with stack)
                0x00000000                cy_checksum_exclude_size = (CY_APPL_LOADABLE == 0x1)?SIZEOF (.cy_checksum_exclude):0x0
                0x00000001                ASSERT ((cy_checksum_exclude_size <= CY_CHECKSUM_EXCLUDE_SIZE), CY_BOOT: Section .cy_checksum_exclude size exceedes specified limit.)

.cyloadermeta
 *(.cyloadermeta)

.cyloadablemeta
 *(.cyloadablemeta)

.cyconfigecc    0x80000000      0x7a0
 *(.cyconfigecc)
 .cyconfigecc   0x80000000      0x7a0 .\CortexM3\ARM_GCC_541\Debug\cymetadata.o
                0x80000000                cy_meta_configecc

.cycustnvl      0x90000000        0x4
 *(.cycustnvl)
 .cycustnvl     0x90000000        0x4 .\CortexM3\ARM_GCC_541\Debug\cymetadata.o
                0x90000000                cy_meta_custnvl

.cywolatch      0x90100000        0x4
 *(.cywolatch)
 .cywolatch     0x90100000        0x4 .\CortexM3\ARM_GCC_541\Debug\cymetadata.o
                0x90100000                cy_meta_wonvl

.cyeeprom       0x90200000        0x0
 *(.cyeeprom)
                0x00000001                ASSERT ((. <= ((0x90200000 + ee_offset) + ee_size)), .cyeeprom data will not fit in EEPROM)

.cyflashprotect
                0x90400000      0x100
 *(.cyflashprotect)
 .cyflashprotect
                0x90400000      0x100 .\CortexM3\ARM_GCC_541\Debug\cymetadata.o
                0x90400000                cy_meta_flashprotect

.cymeta         0x90500000        0xc
 *(.cymeta)
 .cymeta        0x90500000        0xc .\CortexM3\ARM_GCC_541\Debug\cymetadata.o
                0x90500000                cy_metadata

.rel.dyn        0x00005bd8        0x0 load address 0x9050000c
 .rel.iplt      0x00005bd8        0x0 c:/program files (x86)/cypress/psoc creator/4.4/psoc creator/import/gnu/arm/5.4.1/bin/../lib/gcc/arm-none-eabi/5.4.1/armv7-m/crtbegin.o

.stab
 *(.stab)

.stabstr
 *(.stabstr)

.debug
 *(.debug)

.line
 *(.line)

.debug_srcinfo
 *(.debug_srcinfo)

.debug_sfnames
 *(.debug_sfnames)

.debug_aranges  0x00000000     0x1190
 *(.debug_aranges)
 .debug_aranges
                0x00000000       0x20 .\CortexM3\ARM_GCC_541\Debug\Arcadian.o
 .debug_aranges
                0x00000020       0x60 .\CortexM3\ARM_GCC_541\Debug\game.o
 .debug_aranges
                0x00000080       0x40 .\CortexM3\ARM_GCC_541\Debug\main.o
 .debug_aranges
                0x000000c0       0x38 .\CortexM3\ARM_GCC_541\Debug\RGB_Led.o
 .debug_aranges
                0x000000f8       0x40 .\CortexM3\ARM_GCC_541\Debug\seven.o
 .debug_aranges
                0x00000138       0x58 .\CortexM3\ARM_GCC_541\Debug\cyfitter_cfg.o
 .debug_aranges
                0x00000190       0x18 .\CortexM3\ARM_GCC_541\Debug\cymetadata.o
 .debug_aranges
                0x000001a8       0x48 .\CortexM3\ARM_GCC_541\Debug\Cm3Start.o
 .debug_aranges
                0x000001f0       0x20 .\CortexM3\ARM_GCC_541\Debug\ReactionGame.a(ErikaOS_1_ee_activate.o)
 .debug_aranges
                0x00000210       0x20 .\CortexM3\ARM_GCC_541\Debug\ReactionGame.a(ErikaOS_1_ee_alsetrel.o)
 .debug_aranges
                0x00000230       0x58 .\CortexM3\ARM_GCC_541\Debug\ReactionGame.a(ErikaOS_1_ee_altick.o)
 .debug_aranges
                0x00000288       0x20 .\CortexM3\ARM_GCC_541\Debug\ReactionGame.a(ErikaOS_1_ee_evclear.o)
 .debug_aranges
                0x000002a8       0x20 .\CortexM3\ARM_GCC_541\Debug\ReactionGame.a(ErikaOS_1_ee_evget.o)
 .debug_aranges
                0x000002c8       0x20 .\CortexM3\ARM_GCC_541\Debug\ReactionGame.a(ErikaOS_1_ee_evset.o)
 .debug_aranges
                0x000002e8       0x20 .\CortexM3\ARM_GCC_541\Debug\ReactionGame.a(ErikaOS_1_ee_evwait.o)
 .debug_aranges
                0x00000308       0x30 .\CortexM3\ARM_GCC_541\Debug\ReactionGame.a(ErikaOS_1_ee_irqendin.o)
 .debug_aranges
                0x00000338       0x18 .\CortexM3\ARM_GCC_541\Debug\ReactionGame.a(ErikaOS_1_ee_lookup.o)
 .debug_aranges
                0x00000350       0x20 .\CortexM3\ARM_GCC_541\Debug\ReactionGame.a(ErikaOS_1_ee_rq_exchg.o)
 .debug_aranges
                0x00000370       0x20 .\CortexM3\ARM_GCC_541\Debug\ReactionGame.a(ErikaOS_1_ee_rq_first.o)
 .debug_aranges
                0x00000390       0x20 .\CortexM3\ARM_GCC_541\Debug\ReactionGame.a(ErikaOS_1_ee_rq_inser.o)
 .debug_aranges
                0x000003b0       0x40 .\CortexM3\ARM_GCC_541\Debug\ReactionGame.a(ErikaOS_1_ee_startos.o)
 .debug_aranges
                0x000003f0       0x20 .\CortexM3\ARM_GCC_541\Debug\ReactionGame.a(ErikaOS_1_ee_terminat.o)
 .debug_aranges
                0x00000410       0x20 .\CortexM3\ARM_GCC_541\Debug\ReactionGame.a(ErikaOS_1_cortex_mx_ee_utils.o)
 .debug_aranges
                0x00000430       0x18 .\CortexM3\ARM_GCC_541\Debug\ReactionGame.a(ErikaOS_1_common_ee_hal_structs.o)
 .debug_aranges
                0x00000448       0x18 .\CortexM3\ARM_GCC_541\Debug\ReactionGame.a(ErikaOS_1_eecfg.o)
 .debug_aranges
                0x00000460       0x38 .\CortexM3\ARM_GCC_541\Debug\ReactionGame.a(Pin_Button_1.o)
 .debug_aranges
                0x00000498       0x38 .\CortexM3\ARM_GCC_541\Debug\ReactionGame.a(Pin_Button_2.o)
 .debug_aranges
                0x000004d0      0x2a0 .\CortexM3\ARM_GCC_541\Debug\ReactionGame.a(CyLib.o)
 .debug_aranges
                0x00000770       0x98 .\CortexM3\ARM_GCC_541\Debug\ReactionGame.a(cyPm.o)
 .debug_aranges
                0x00000808       0x28 .\CortexM3\ARM_GCC_541\Debug\ReactionGame.a(SevenSeg_Reg.o)
 .debug_aranges
                0x00000830       0x38 .\CortexM3\ARM_GCC_541\Debug\ReactionGame.a(Pin_Sel_A.o)
 .debug_aranges
                0x00000868       0xf0 .\CortexM3\ARM_GCC_541\Debug\ReactionGame.a(UART_LOG.o)
 .debug_aranges
                0x00000958       0x20 .\CortexM3\ARM_GCC_541\Debug\ReactionGame.a(UART_LOG_INT.o)
 .debug_aranges
                0x00000978       0x70 .\CortexM3\ARM_GCC_541\Debug\ReactionGame.a(UART_LOG_IntClock.o)
 .debug_aranges
                0x000009e8       0x38 .\CortexM3\ARM_GCC_541\Debug\ReactionGame.a(Pin_Button_3.o)
 .debug_aranges
                0x00000a20       0x38 .\CortexM3\ARM_GCC_541\Debug\ReactionGame.a(Pin_Button_4.o)
 .debug_aranges
                0x00000a58       0x98 .\CortexM3\ARM_GCC_541\Debug\ReactionGame.a(RGB_PWM_red.o)
 .debug_aranges
                0x00000af0       0x98 .\CortexM3\ARM_GCC_541\Debug\ReactionGame.a(RGB_PWM_green.o)
 .debug_aranges
                0x00000b88       0x98 .\CortexM3\ARM_GCC_541\Debug\ReactionGame.a(RGB_PWM_blue.o)
 .debug_aranges
                0x00000c20       0x38 .\CortexM3\ARM_GCC_541\Debug\ReactionGame.a(Yellow_Led.o)
 .debug_aranges
                0x00000c58       0x38 .\CortexM3\ARM_GCC_541\Debug\ReactionGame.a(Green_Led.o)
 .debug_aranges
                0x00000c90       0x38 .\CortexM3\ARM_GCC_541\Debug\ReactionGame.a(Red_Led.o)
 .debug_aranges
                0x00000cc8       0x80 .\CortexM3\ARM_GCC_541\Debug\ReactionGame.a(PWM_Red.o)
 .debug_aranges
                0x00000d48       0x80 .\CortexM3\ARM_GCC_541\Debug\ReactionGame.a(PWM_Green.o)
 .debug_aranges
                0x00000dc8       0x80 .\CortexM3\ARM_GCC_541\Debug\ReactionGame.a(PWM_Yellow.o)
 .debug_aranges
                0x00000e48       0x80 .\CortexM3\ARM_GCC_541\Debug\ReactionGame.a(isr_3secs.o)
 .debug_aranges
                0x00000ec8       0x88 .\CortexM3\ARM_GCC_541\Debug\ReactionGame.a(Timer_3secs.o)
 .debug_aranges
                0x00000f50       0x20 .\CortexM3\ARM_GCC_541\Debug\ReactionGame.a(ErikaOS_1_ee_gnu_change_context_isr.o)
 .debug_aranges
                0x00000f70       0x20 .\CortexM3\ARM_GCC_541\Debug\ReactionGame.a(ErikaOS_1_ee_gnu_irq_stack.o)
 .debug_aranges
                0x00000f90       0x20 .\CortexM3\ARM_GCC_541\Debug\ReactionGame.a(ErikaOS_1_ee_gnu_multi_context.o)
 .debug_aranges
                0x00000fb0       0x20 .\CortexM3\ARM_GCC_541\Debug\ReactionGame.a(ErikaOS_1_ee_gnu_oo.o)
 .debug_aranges
                0x00000fd0       0x20 .\CortexM3\ARM_GCC_541\Debug\ReactionGame.a(CyBootAsmGnu.o)
 .debug_aranges
                0x00000ff0       0x20 .\CortexM3\ARM_GCC_541\Debug\ReactionGame.a(ErikaOS_1_ee_tnterm.o)
 .debug_aranges
                0x00001010       0x20 .\CortexM3\ARM_GCC_541\Debug\ReactionGame.a(ErikaOS_1_ee_tstub.o)
 .debug_aranges
                0x00001030       0x28 .\CortexM3\ARM_GCC_541\Debug\ReactionGame.a(ErikaOS_1_cortex_mx_ee_context.o)
 .debug_aranges
                0x00001058       0x88 .\CortexM3\ARM_GCC_541\Debug\ReactionGame.a(CyFlash.o)
 .debug_aranges
                0x000010e0       0x80 .\CortexM3\ARM_GCC_541\Debug\ReactionGame.a(CySpc.o)
 .debug_aranges
                0x00001160       0x30 .\CortexM3\ARM_GCC_541\Debug\ReactionGame.a(ErikaOS_1_ee_thendin.o)

.debug_pubnames
 *(.debug_pubnames)

.debug_info     0x00000000    0x11c18
 *(.debug_info .gnu.linkonce.wi.*)
 .debug_info    0x00000000      0x59b .\CortexM3\ARM_GCC_541\Debug\Arcadian.o
 .debug_info    0x0000059b      0xbe6 .\CortexM3\ARM_GCC_541\Debug\game.o
 .debug_info    0x00001181      0x872 .\CortexM3\ARM_GCC_541\Debug\main.o
 .debug_info    0x000019f3      0x458 .\CortexM3\ARM_GCC_541\Debug\RGB_Led.o
 .debug_info    0x00001e4b      0x3ad .\CortexM3\ARM_GCC_541\Debug\seven.o
 .debug_info    0x000021f8      0x5f2 .\CortexM3\ARM_GCC_541\Debug\cyfitter_cfg.o
 .debug_info    0x000027ea      0x139 .\CortexM3\ARM_GCC_541\Debug\cymetadata.o
 .debug_info    0x00002923      0x3bb .\CortexM3\ARM_GCC_541\Debug\Cm3Start.o
 .debug_info    0x00002cde      0x80d .\CortexM3\ARM_GCC_541\Debug\ReactionGame.a(ErikaOS_1_ee_activate.o)
 .debug_info    0x000034eb      0x5e5 .\CortexM3\ARM_GCC_541\Debug\ReactionGame.a(ErikaOS_1_ee_alsetrel.o)
 .debug_info    0x00003ad0      0xc3b .\CortexM3\ARM_GCC_541\Debug\ReactionGame.a(ErikaOS_1_ee_altick.o)
 .debug_info    0x0000470b      0x5a7 .\CortexM3\ARM_GCC_541\Debug\ReactionGame.a(ErikaOS_1_ee_evclear.o)
 .debug_info    0x00004cb2      0x4ca .\CortexM3\ARM_GCC_541\Debug\ReactionGame.a(ErikaOS_1_ee_evget.o)
 .debug_info    0x0000517c      0x7c3 .\CortexM3\ARM_GCC_541\Debug\ReactionGame.a(ErikaOS_1_ee_evset.o)
 .debug_info    0x0000593f      0x84e .\CortexM3\ARM_GCC_541\Debug\ReactionGame.a(ErikaOS_1_ee_evwait.o)
 .debug_info    0x0000618d      0x5cb .\CortexM3\ARM_GCC_541\Debug\ReactionGame.a(ErikaOS_1_ee_irqendin.o)
 .debug_info    0x00006758      0x3d0 .\CortexM3\ARM_GCC_541\Debug\ReactionGame.a(ErikaOS_1_ee_lookup.o)
 .debug_info    0x00006b28      0x46f .\CortexM3\ARM_GCC_541\Debug\ReactionGame.a(ErikaOS_1_ee_rq_exchg.o)
 .debug_info    0x00006f97      0x421 .\CortexM3\ARM_GCC_541\Debug\ReactionGame.a(ErikaOS_1_ee_rq_first.o)
 .debug_info    0x000073b8      0x475 .\CortexM3\ARM_GCC_541\Debug\ReactionGame.a(ErikaOS_1_ee_rq_inser.o)
 .debug_info    0x0000782d     0x2040 .\CortexM3\ARM_GCC_541\Debug\ReactionGame.a(ErikaOS_1_ee_startos.o)
 .debug_info    0x0000986d      0x589 .\CortexM3\ARM_GCC_541\Debug\ReactionGame.a(ErikaOS_1_ee_terminat.o)
 .debug_info    0x00009df6      0x543 .\CortexM3\ARM_GCC_541\Debug\ReactionGame.a(ErikaOS_1_cortex_mx_ee_utils.o)
 .debug_info    0x0000a339      0x3cb .\CortexM3\ARM_GCC_541\Debug\ReactionGame.a(ErikaOS_1_common_ee_hal_structs.o)
 .debug_info    0x0000a704      0x8b7 .\CortexM3\ARM_GCC_541\Debug\ReactionGame.a(ErikaOS_1_eecfg.o)
 .debug_info    0x0000afbb      0x11f .\CortexM3\ARM_GCC_541\Debug\ReactionGame.a(Pin_Button_1.o)
 .debug_info    0x0000b0da      0x11f .\CortexM3\ARM_GCC_541\Debug\ReactionGame.a(Pin_Button_2.o)
 .debug_info    0x0000b1f9     0x1374 .\CortexM3\ARM_GCC_541\Debug\ReactionGame.a(CyLib.o)
 .debug_info    0x0000c56d      0xa2a .\CortexM3\ARM_GCC_541\Debug\ReactionGame.a(cyPm.o)
 .debug_info    0x0000cf97       0xd6 .\CortexM3\ARM_GCC_541\Debug\ReactionGame.a(SevenSeg_Reg.o)
 .debug_info    0x0000d06d      0x11f .\CortexM3\ARM_GCC_541\Debug\ReactionGame.a(Pin_Sel_A.o)
 .debug_info    0x0000d18c      0x6d1 .\CortexM3\ARM_GCC_541\Debug\ReactionGame.a(UART_LOG.o)
 .debug_info    0x0000d85d       0xf6 .\CortexM3\ARM_GCC_541\Debug\ReactionGame.a(UART_LOG_INT.o)
 .debug_info    0x0000d953      0x283 .\CortexM3\ARM_GCC_541\Debug\ReactionGame.a(UART_LOG_IntClock.o)
 .debug_info    0x0000dbd6      0x11f .\CortexM3\ARM_GCC_541\Debug\ReactionGame.a(Pin_Button_3.o)
 .debug_info    0x0000dcf5      0x11f .\CortexM3\ARM_GCC_541\Debug\ReactionGame.a(Pin_Button_4.o)
 .debug_info    0x0000de14      0x334 .\CortexM3\ARM_GCC_541\Debug\ReactionGame.a(RGB_PWM_red.o)
 .debug_info    0x0000e148      0x334 .\CortexM3\ARM_GCC_541\Debug\ReactionGame.a(RGB_PWM_green.o)
 .debug_info    0x0000e47c      0x334 .\CortexM3\ARM_GCC_541\Debug\ReactionGame.a(RGB_PWM_blue.o)
 .debug_info    0x0000e7b0      0x11f .\CortexM3\ARM_GCC_541\Debug\ReactionGame.a(Yellow_Led.o)
 .debug_info    0x0000e8cf      0x11f .\CortexM3\ARM_GCC_541\Debug\ReactionGame.a(Green_Led.o)
 .debug_info    0x0000e9ee      0x11f .\CortexM3\ARM_GCC_541\Debug\ReactionGame.a(Red_Led.o)
 .debug_info    0x0000eb0d      0x278 .\CortexM3\ARM_GCC_541\Debug\ReactionGame.a(PWM_Red.o)
 .debug_info    0x0000ed85      0x279 .\CortexM3\ARM_GCC_541\Debug\ReactionGame.a(PWM_Green.o)
 .debug_info    0x0000effe      0x278 .\CortexM3\ARM_GCC_541\Debug\ReactionGame.a(PWM_Yellow.o)
 .debug_info    0x0000f276      0x2d2 .\CortexM3\ARM_GCC_541\Debug\ReactionGame.a(isr_3secs.o)
 .debug_info    0x0000f548      0x295 .\CortexM3\ARM_GCC_541\Debug\ReactionGame.a(Timer_3secs.o)
 .debug_info    0x0000f7dd       0xd1 .\CortexM3\ARM_GCC_541\Debug\ReactionGame.a(ErikaOS_1_ee_gnu_change_context_isr.o)
 .debug_info    0x0000f8ae       0xc8 .\CortexM3\ARM_GCC_541\Debug\ReactionGame.a(ErikaOS_1_ee_gnu_irq_stack.o)
 .debug_info    0x0000f976       0xcc .\CortexM3\ARM_GCC_541\Debug\ReactionGame.a(ErikaOS_1_ee_gnu_multi_context.o)
 .debug_info    0x0000fa42       0xc1 .\CortexM3\ARM_GCC_541\Debug\ReactionGame.a(ErikaOS_1_ee_gnu_oo.o)
 .debug_info    0x0000fb03       0xba .\CortexM3\ARM_GCC_541\Debug\ReactionGame.a(CyBootAsmGnu.o)
 .debug_info    0x0000fbbd      0x43d .\CortexM3\ARM_GCC_541\Debug\ReactionGame.a(ErikaOS_1_ee_tnterm.o)
 .debug_info    0x0000fffa      0x487 .\CortexM3\ARM_GCC_541\Debug\ReactionGame.a(ErikaOS_1_ee_tstub.o)
 .debug_info    0x00010481      0x501 .\CortexM3\ARM_GCC_541\Debug\ReactionGame.a(ErikaOS_1_cortex_mx_ee_context.o)
 .debug_info    0x00010982      0x64d .\CortexM3\ARM_GCC_541\Debug\ReactionGame.a(CyFlash.o)
 .debug_info    0x00010fcf      0x550 .\CortexM3\ARM_GCC_541\Debug\ReactionGame.a(CySpc.o)
 .debug_info    0x0001151f      0x6f9 .\CortexM3\ARM_GCC_541\Debug\ReactionGame.a(ErikaOS_1_ee_thendin.o)

.debug_abbrev   0x00000000     0x4c3d
 *(.debug_abbrev)
 .debug_abbrev  0x00000000      0x125 .\CortexM3\ARM_GCC_541\Debug\Arcadian.o
 .debug_abbrev  0x00000125      0x273 .\CortexM3\ARM_GCC_541\Debug\game.o
 .debug_abbrev  0x00000398      0x246 .\CortexM3\ARM_GCC_541\Debug\main.o
 .debug_abbrev  0x000005de      0x141 .\CortexM3\ARM_GCC_541\Debug\RGB_Led.o
 .debug_abbrev  0x0000071f      0x134 .\CortexM3\ARM_GCC_541\Debug\seven.o
 .debug_abbrev  0x00000853      0x20d .\CortexM3\ARM_GCC_541\Debug\cyfitter_cfg.o
 .debug_abbrev  0x00000a60       0x77 .\CortexM3\ARM_GCC_541\Debug\cymetadata.o
 .debug_abbrev  0x00000ad7      0x1e8 .\CortexM3\ARM_GCC_541\Debug\Cm3Start.o
 .debug_abbrev  0x00000cbf      0x284 .\CortexM3\ARM_GCC_541\Debug\ReactionGame.a(ErikaOS_1_ee_activate.o)
 .debug_abbrev  0x00000f43      0x1f7 .\CortexM3\ARM_GCC_541\Debug\ReactionGame.a(ErikaOS_1_ee_alsetrel.o)
 .debug_abbrev  0x0000113a      0x362 .\CortexM3\ARM_GCC_541\Debug\ReactionGame.a(ErikaOS_1_ee_altick.o)
 .debug_abbrev  0x0000149c      0x1e0 .\CortexM3\ARM_GCC_541\Debug\ReactionGame.a(ErikaOS_1_ee_evclear.o)
 .debug_abbrev  0x0000167c      0x150 .\CortexM3\ARM_GCC_541\Debug\ReactionGame.a(ErikaOS_1_ee_evget.o)
 .debug_abbrev  0x000017cc      0x27f .\CortexM3\ARM_GCC_541\Debug\ReactionGame.a(ErikaOS_1_ee_evset.o)
 .debug_abbrev  0x00001a4b      0x25d .\CortexM3\ARM_GCC_541\Debug\ReactionGame.a(ErikaOS_1_ee_evwait.o)
 .debug_abbrev  0x00001ca8      0x1da .\CortexM3\ARM_GCC_541\Debug\ReactionGame.a(ErikaOS_1_ee_irqendin.o)
 .debug_abbrev  0x00001e82       0xcf .\CortexM3\ARM_GCC_541\Debug\ReactionGame.a(ErikaOS_1_ee_lookup.o)
 .debug_abbrev  0x00001f51       0xfc .\CortexM3\ARM_GCC_541\Debug\ReactionGame.a(ErikaOS_1_ee_rq_exchg.o)
 .debug_abbrev  0x0000204d       0xed .\CortexM3\ARM_GCC_541\Debug\ReactionGame.a(ErikaOS_1_ee_rq_first.o)
 .debug_abbrev  0x0000213a      0x109 .\CortexM3\ARM_GCC_541\Debug\ReactionGame.a(ErikaOS_1_ee_rq_inser.o)
 .debug_abbrev  0x00002243      0x4a7 .\CortexM3\ARM_GCC_541\Debug\ReactionGame.a(ErikaOS_1_ee_startos.o)
 .debug_abbrev  0x000026ea      0x1de .\CortexM3\ARM_GCC_541\Debug\ReactionGame.a(ErikaOS_1_ee_terminat.o)
 .debug_abbrev  0x000028c8      0x1f0 .\CortexM3\ARM_GCC_541\Debug\ReactionGame.a(ErikaOS_1_cortex_mx_ee_utils.o)
 .debug_abbrev  0x00002ab8       0xcf .\CortexM3\ARM_GCC_541\Debug\ReactionGame.a(ErikaOS_1_common_ee_hal_structs.o)
 .debug_abbrev  0x00002b87      0x130 .\CortexM3\ARM_GCC_541\Debug\ReactionGame.a(ErikaOS_1_eecfg.o)
 .debug_abbrev  0x00002cb7       0x90 .\CortexM3\ARM_GCC_541\Debug\ReactionGame.a(Pin_Button_1.o)
 .debug_abbrev  0x00002d47       0x90 .\CortexM3\ARM_GCC_541\Debug\ReactionGame.a(Pin_Button_2.o)
 .debug_abbrev  0x00002dd7      0x254 .\CortexM3\ARM_GCC_541\Debug\ReactionGame.a(CyLib.o)
 .debug_abbrev  0x0000302b      0x1ab .\CortexM3\ARM_GCC_541\Debug\ReactionGame.a(cyPm.o)
 .debug_abbrev  0x000031d6       0x81 .\CortexM3\ARM_GCC_541\Debug\ReactionGame.a(SevenSeg_Reg.o)
 .debug_abbrev  0x00003257       0x90 .\CortexM3\ARM_GCC_541\Debug\ReactionGame.a(Pin_Sel_A.o)
 .debug_abbrev  0x000032e7      0x16f .\CortexM3\ARM_GCC_541\Debug\ReactionGame.a(UART_LOG.o)
 .debug_abbrev  0x00003456       0x79 .\CortexM3\ARM_GCC_541\Debug\ReactionGame.a(UART_LOG_INT.o)
 .debug_abbrev  0x000034cf      0x139 .\CortexM3\ARM_GCC_541\Debug\ReactionGame.a(UART_LOG_IntClock.o)
 .debug_abbrev  0x00003608       0x90 .\CortexM3\ARM_GCC_541\Debug\ReactionGame.a(Pin_Button_3.o)
 .debug_abbrev  0x00003698       0x90 .\CortexM3\ARM_GCC_541\Debug\ReactionGame.a(Pin_Button_4.o)
 .debug_abbrev  0x00003728      0x133 .\CortexM3\ARM_GCC_541\Debug\ReactionGame.a(RGB_PWM_red.o)
 .debug_abbrev  0x0000385b      0x133 .\CortexM3\ARM_GCC_541\Debug\ReactionGame.a(RGB_PWM_green.o)
 .debug_abbrev  0x0000398e      0x133 .\CortexM3\ARM_GCC_541\Debug\ReactionGame.a(RGB_PWM_blue.o)
 .debug_abbrev  0x00003ac1       0x90 .\CortexM3\ARM_GCC_541\Debug\ReactionGame.a(Yellow_Led.o)
 .debug_abbrev  0x00003b51       0x90 .\CortexM3\ARM_GCC_541\Debug\ReactionGame.a(Green_Led.o)
 .debug_abbrev  0x00003be1       0x90 .\CortexM3\ARM_GCC_541\Debug\ReactionGame.a(Red_Led.o)
 .debug_abbrev  0x00003c71      0x12d .\CortexM3\ARM_GCC_541\Debug\ReactionGame.a(PWM_Red.o)
 .debug_abbrev  0x00003d9e      0x12d .\CortexM3\ARM_GCC_541\Debug\ReactionGame.a(PWM_Green.o)
 .debug_abbrev  0x00003ecb      0x12d .\CortexM3\ARM_GCC_541\Debug\ReactionGame.a(PWM_Yellow.o)
 .debug_abbrev  0x00003ff8      0x173 .\CortexM3\ARM_GCC_541\Debug\ReactionGame.a(isr_3secs.o)
 .debug_abbrev  0x0000416b      0x11a .\CortexM3\ARM_GCC_541\Debug\ReactionGame.a(Timer_3secs.o)
 .debug_abbrev  0x00004285       0x14 .\CortexM3\ARM_GCC_541\Debug\ReactionGame.a(ErikaOS_1_ee_gnu_change_context_isr.o)
 .debug_abbrev  0x00004299       0x14 .\CortexM3\ARM_GCC_541\Debug\ReactionGame.a(ErikaOS_1_ee_gnu_irq_stack.o)
 .debug_abbrev  0x000042ad       0x14 .\CortexM3\ARM_GCC_541\Debug\ReactionGame.a(ErikaOS_1_ee_gnu_multi_context.o)
 .debug_abbrev  0x000042c1       0x14 .\CortexM3\ARM_GCC_541\Debug\ReactionGame.a(ErikaOS_1_ee_gnu_oo.o)
 .debug_abbrev  0x000042d5       0x14 .\CortexM3\ARM_GCC_541\Debug\ReactionGame.a(CyBootAsmGnu.o)
 .debug_abbrev  0x000042e9      0x157 .\CortexM3\ARM_GCC_541\Debug\ReactionGame.a(ErikaOS_1_ee_tnterm.o)
 .debug_abbrev  0x00004440      0x143 .\CortexM3\ARM_GCC_541\Debug\ReactionGame.a(ErikaOS_1_ee_tstub.o)
 .debug_abbrev  0x00004583      0x156 .\CortexM3\ARM_GCC_541\Debug\ReactionGame.a(ErikaOS_1_cortex_mx_ee_context.o)
 .debug_abbrev  0x000046d9      0x1a7 .\CortexM3\ARM_GCC_541\Debug\ReactionGame.a(CyFlash.o)
 .debug_abbrev  0x00004880      0x194 .\CortexM3\ARM_GCC_541\Debug\ReactionGame.a(CySpc.o)
 .debug_abbrev  0x00004a14      0x229 .\CortexM3\ARM_GCC_541\Debug\ReactionGame.a(ErikaOS_1_ee_thendin.o)

.debug_line     0x00000000     0x62e0
 *(.debug_line)
 .debug_line    0x00000000      0x2a0 .\CortexM3\ARM_GCC_541\Debug\Arcadian.o
 .debug_line    0x000002a0      0x665 .\CortexM3\ARM_GCC_541\Debug\game.o
 .debug_line    0x00000905      0x45f .\CortexM3\ARM_GCC_541\Debug\main.o
 .debug_line    0x00000d64      0x2fb .\CortexM3\ARM_GCC_541\Debug\RGB_Led.o
 .debug_line    0x0000105f       0xb3 .\CortexM3\ARM_GCC_541\Debug\seven.o
 .debug_line    0x00001112      0x1f8 .\CortexM3\ARM_GCC_541\Debug\cyfitter_cfg.o
 .debug_line    0x0000130a      0x141 .\CortexM3\ARM_GCC_541\Debug\cymetadata.o
 .debug_line    0x0000144b      0x234 .\CortexM3\ARM_GCC_541\Debug\Cm3Start.o
 .debug_line    0x0000167f      0x1fa .\CortexM3\ARM_GCC_541\Debug\ReactionGame.a(ErikaOS_1_ee_activate.o)
 .debug_line    0x00001879      0x1d1 .\CortexM3\ARM_GCC_541\Debug\ReactionGame.a(ErikaOS_1_ee_alsetrel.o)
 .debug_line    0x00001a4a      0x305 .\CortexM3\ARM_GCC_541\Debug\ReactionGame.a(ErikaOS_1_ee_altick.o)
 .debug_line    0x00001d4f      0x1d5 .\CortexM3\ARM_GCC_541\Debug\ReactionGame.a(ErikaOS_1_ee_evclear.o)
 .debug_line    0x00001f24      0x15b .\CortexM3\ARM_GCC_541\Debug\ReactionGame.a(ErikaOS_1_ee_evget.o)
 .debug_line    0x0000207f      0x1f7 .\CortexM3\ARM_GCC_541\Debug\ReactionGame.a(ErikaOS_1_ee_evset.o)
 .debug_line    0x00002276      0x203 .\CortexM3\ARM_GCC_541\Debug\ReactionGame.a(ErikaOS_1_ee_evwait.o)
 .debug_line    0x00002479      0x1a0 .\CortexM3\ARM_GCC_541\Debug\ReactionGame.a(ErikaOS_1_ee_irqendin.o)
 .debug_line    0x00002619      0x119 .\CortexM3\ARM_GCC_541\Debug\ReactionGame.a(ErikaOS_1_ee_lookup.o)
 .debug_line    0x00002732      0x15b .\CortexM3\ARM_GCC_541\Debug\ReactionGame.a(ErikaOS_1_ee_rq_exchg.o)
 .debug_line    0x0000288d      0x152 .\CortexM3\ARM_GCC_541\Debug\ReactionGame.a(ErikaOS_1_ee_rq_first.o)
 .debug_line    0x000029df      0x156 .\CortexM3\ARM_GCC_541\Debug\ReactionGame.a(ErikaOS_1_ee_rq_inser.o)
 .debug_line    0x00002b35      0x3fa .\CortexM3\ARM_GCC_541\Debug\ReactionGame.a(ErikaOS_1_ee_startos.o)
 .debug_line    0x00002f2f      0x1c0 .\CortexM3\ARM_GCC_541\Debug\ReactionGame.a(ErikaOS_1_ee_terminat.o)
 .debug_line    0x000030ef      0x18a .\CortexM3\ARM_GCC_541\Debug\ReactionGame.a(ErikaOS_1_cortex_mx_ee_utils.o)
 .debug_line    0x00003279       0xf9 .\CortexM3\ARM_GCC_541\Debug\ReactionGame.a(ErikaOS_1_common_ee_hal_structs.o)
 .debug_line    0x00003372      0x13c .\CortexM3\ARM_GCC_541\Debug\ReactionGame.a(ErikaOS_1_eecfg.o)
 .debug_line    0x000034ae       0x99 .\CortexM3\ARM_GCC_541\Debug\ReactionGame.a(Pin_Button_1.o)
 .debug_line    0x00003547       0x99 .\CortexM3\ARM_GCC_541\Debug\ReactionGame.a(Pin_Button_2.o)
 .debug_line    0x000035e0      0x816 .\CortexM3\ARM_GCC_541\Debug\ReactionGame.a(CyLib.o)
 .debug_line    0x00003df6      0x367 .\CortexM3\ARM_GCC_541\Debug\ReactionGame.a(cyPm.o)
 .debug_line    0x0000415d       0x74 .\CortexM3\ARM_GCC_541\Debug\ReactionGame.a(SevenSeg_Reg.o)
 .debug_line    0x000041d1       0x96 .\CortexM3\ARM_GCC_541\Debug\ReactionGame.a(Pin_Sel_A.o)
 .debug_line    0x00004267      0x2fd .\CortexM3\ARM_GCC_541\Debug\ReactionGame.a(UART_LOG.o)
 .debug_line    0x00004564       0x85 .\CortexM3\ARM_GCC_541\Debug\ReactionGame.a(UART_LOG_INT.o)
 .debug_line    0x000045e9      0x180 .\CortexM3\ARM_GCC_541\Debug\ReactionGame.a(UART_LOG_IntClock.o)
 .debug_line    0x00004769       0x99 .\CortexM3\ARM_GCC_541\Debug\ReactionGame.a(Pin_Button_3.o)
 .debug_line    0x00004802       0x99 .\CortexM3\ARM_GCC_541\Debug\ReactionGame.a(Pin_Button_4.o)
 .debug_line    0x0000489b      0x18b .\CortexM3\ARM_GCC_541\Debug\ReactionGame.a(RGB_PWM_red.o)
 .debug_line    0x00004a26      0x18d .\CortexM3\ARM_GCC_541\Debug\ReactionGame.a(RGB_PWM_green.o)
 .debug_line    0x00004bb3      0x18c .\CortexM3\ARM_GCC_541\Debug\ReactionGame.a(RGB_PWM_blue.o)
 .debug_line    0x00004d3f       0x97 .\CortexM3\ARM_GCC_541\Debug\ReactionGame.a(Yellow_Led.o)
 .debug_line    0x00004dd6       0x96 .\CortexM3\ARM_GCC_541\Debug\ReactionGame.a(Green_Led.o)
 .debug_line    0x00004e6c       0x94 .\CortexM3\ARM_GCC_541\Debug\ReactionGame.a(Red_Led.o)
 .debug_line    0x00004f00      0x13c .\CortexM3\ARM_GCC_541\Debug\ReactionGame.a(PWM_Red.o)
 .debug_line    0x0000503c      0x13e .\CortexM3\ARM_GCC_541\Debug\ReactionGame.a(PWM_Green.o)
 .debug_line    0x0000517a      0x13f .\CortexM3\ARM_GCC_541\Debug\ReactionGame.a(PWM_Yellow.o)
 .debug_line    0x000052b9      0x136 .\CortexM3\ARM_GCC_541\Debug\ReactionGame.a(isr_3secs.o)
 .debug_line    0x000053ef      0x159 .\CortexM3\ARM_GCC_541\Debug\ReactionGame.a(Timer_3secs.o)
 .debug_line    0x00005548       0xae .\CortexM3\ARM_GCC_541\Debug\ReactionGame.a(ErikaOS_1_ee_gnu_change_context_isr.o)
 .debug_line    0x000055f6       0x74 .\CortexM3\ARM_GCC_541\Debug\ReactionGame.a(ErikaOS_1_ee_gnu_irq_stack.o)
 .debug_line    0x0000566a       0x9d .\CortexM3\ARM_GCC_541\Debug\ReactionGame.a(ErikaOS_1_ee_gnu_multi_context.o)
 .debug_line    0x00005707       0x99 .\CortexM3\ARM_GCC_541\Debug\ReactionGame.a(ErikaOS_1_ee_gnu_oo.o)
 .debug_line    0x000057a0       0x66 .\CortexM3\ARM_GCC_541\Debug\ReactionGame.a(CyBootAsmGnu.o)
 .debug_line    0x00005806      0x17b .\CortexM3\ARM_GCC_541\Debug\ReactionGame.a(ErikaOS_1_ee_tnterm.o)
 .debug_line    0x00005981      0x172 .\CortexM3\ARM_GCC_541\Debug\ReactionGame.a(ErikaOS_1_ee_tstub.o)
 .debug_line    0x00005af3      0x1ac .\CortexM3\ARM_GCC_541\Debug\ReactionGame.a(ErikaOS_1_cortex_mx_ee_context.o)
 .debug_line    0x00005c9f      0x21a .\CortexM3\ARM_GCC_541\Debug\ReactionGame.a(CyFlash.o)
 .debug_line    0x00005eb9      0x260 .\CortexM3\ARM_GCC_541\Debug\ReactionGame.a(CySpc.o)
 .debug_line    0x00006119      0x1c7 .\CortexM3\ARM_GCC_541\Debug\ReactionGame.a(ErikaOS_1_ee_thendin.o)

.debug_frame    0x00000000     0x2d04
 *(.debug_frame)